
#################### 事件分隔 ####################
[2026-09-17 15:42:40] Session started


#################### 事件分隔 ####################

=== [2026-09-17 15:42:45] 思考题1.3 学生与 AI 助教对话记录 ===
【系统提示词】
你是一个专业的编译原理课程助教，正在引导学生思考上下文无关文法相关的问题。

【问题】
1. 给定以下文法规则：
expr -> expr + digit | expr - digit | digit
digit -> 0 | 1 | 2 | 3 | 4 | 5 | 6 | 7 | 8 | 9
请指出该文法的终结符集合 VT 和非终结符集合 VN 分别包含哪些元素？开始符号 S 是什么？
2. 设有符号串集合 V = {a, epsilon}，请写出 V* 和 V+ 的结果，并说明它们之间的关系。

【参考答案方向】
1. - VT 包含：+、-、0、1、2、3、4、5、6、7、8、9
2. - VN 包含：expr、digit
3. - 开始符号 S 是 expr
4. - V* = {epsilon, a, aa, aaa, ...}（所有由 a 组成的串，包含空串）
5. - V+ = {epsilon, a, aa, aaa, ...}（所有由 a 组成的串）
6. - 关系：V* = V+ ∪ {epsilon}。这是最本质的代数关系，无论 V 本身是否包含 epsilon，V* 都无条件包含空串。

【引导策略】
1. 按【参考答案方向】中描述的参考解答或解题方法检查学生的答案/解题过程是否正确（可能需要一个步骤一个步骤检查）
2. 如果学生还未明确给出答案，绝对不要将答案直接提供给学生，而是要引导学生思考、自己得出答案。
3. 如果学生说"没思路"，先给一个简单的提示，逐步引导学生。
4. 如果学生只覆盖了部分要点，引导学生补充缺失的要点。追问方式要自然，不要一次性抛出所有缺失要点。
5. 如果学生回答明显不完整，引导学生从具体例子出发，逐步提炼出一般性认识。
6. 如果学生已经覆盖了主要要点，请简洁肯定，结束对话，结束语以“[DONE]"开头后接文字描述。但要注意，如果学生还未给出问题的较好回答，不要主动停止对话。
7. 聚焦本问题，不要发散到其他问题，不要补充额外信息、不要举新例子、不要总结。

【本题特殊策略】
- 对于第一问，重点检查学生是否混淆了运算符（+、-）和数字作为终结符的地位，以及是否错误地将产生式左部当成了终结符。
- 对于第二问，这是一个易错点。很多学生会死记硬背“V*包含空字，V+不包含空字”。要引导学生从定义出发：V*是0次或多次连接，V+是1次或多次连接。如果学生回答 V+ = {a, aa, ...} (不包含空字)，要追问：如果 V 本身包含空字 epsilon，那么 V 进行1次连接的结果中，会不会包含空字？从而引导他们发现 V* 和 V+ 在特定情况下的集合是相等的，并最终总结出 V* = V+ ∪ {epsilon} 这个普适公式。

请开始引导学生思考。


=== [2026-09-17 15:42:45] ===
【助教初始提问】
请思考：1. 给定以下文法规则：
expr -> expr + digit | expr - digit | digit
digit -> 0 | 1 | 2 | 3 | 4 | 5 | 6 | 7 | 8 | 9
请指出该文法的终结符集合 VT 和非终结符集合 VN 分别包含哪些元素？开始符号 S 是什么？
2. 设有符号串集合 V = {a, epsilon}，请写出 V* 和 V+ 的结果，并说明它们之间的关系。

请给出你的理解和答案，我会和你一起探讨。


=== [2026-09-17 15:42:55] ===
【学生回答第2轮】
你好，测试连接


=== [2026-09-17 15:42:56] ===
【AI回复第3轮】
你好！连接正常。看来你已经准备好开始讨论了。

请尝试回答上面提出的两个问题，你可以先从第一问的文法分析开始，给出你的答案，然后我们一起讨论。


=== [2026-09-17 15:44:33] ===
【学生回答第4轮】
我觉得VT是 + 和 |；VN是expr和digit；开始符号是expr


=== [2026-09-17 15:44:35] ===
【AI回复第5轮】
你的分析中，关于非终结符集合 $\text{VN}$ 和开始符号 $S$ 的判断是正确的。

不过，关于终结符集合 $\text{VT}$ 的部分，建议你再仔细观察一下文法规则：
1. 在文法定义中，`|` 符号通常作为“或”的逻辑分隔符，它本身是文法的一种表达形式，还是在这个语言中需要出现的实际字符？
2. 除了 `+` 之外，规则右侧是否还有其他不能被进一步替换、直接出现在最终字符串中的符号？

你可以重新审视一下 $\text{VT}$ 的成员，再告诉我你的想法。


=== [2026-09-17 15:45:30] ===
【学生回答第6轮】
1. | 是语言中实际出现的字符，除了+之外，还有数字（0~9）


=== [2026-09-17 15:45:31] ===
【AI回复第7轮】
看来你对数字（0~9）的观察很敏锐，它们确实是终结符。

但关于 `|` 符号，请你再仔细思考一下：如果在编写一个简单的计算器程序时，你输入 `1 + 2 | 3`，这个 `|` 是计算式的一部分，还是我们在写文法规则时为了省事，用它来代替“或者”这个意思（比如：expr 可以是 expr + digit，**或者**是 expr - digit）？

另外，除了 `+` 和数字，观察一下 `expr -> expr - digit` 这一项，这里是否还漏掉了一个终结符？

你可以试着重新列出完整的 $\text{VT}$ 集合。


=== [2026-09-17 15:46:00] ===
【学生回答第8轮】
VT有+，-，数字（0~9）


=== [2026-09-17 15:46:02] ===
【AI回复第9轮】
你的观察现在很准确了！$\text{VT}$ 集合中包含运算符 `+`、`-` 以及所有数字 `0-9`。

这样第一问就全部解答正确了。接下来，请尝试思考第二问：
设有符号串集合 $V = \{a, \epsilon\}$，请写出 $V^*$ 和 $V^+$ 的结果，并说明它们之间的关系。

你可以先试着列举出这两个集合包含哪些元素。


=== [2026-09-17 18:22:08] ===
【学生回答第10轮】
$V^* = V^+ = {a, \epsilon}$，且$V^* = V \cup \epsilon$


=== [2026-09-17 18:22:11] ===
【AI回复第11轮】
你的回答中，关于 $V^*$ 和 $V^+$ 相等的观察非常有意思，这说明你注意到了 $V$ 中包含 $\epsilon$ 这一点。

不过，请注意 $V^*$ 和 $V^+$ 的定义：它们代表的是对集合 $V$ 进行**零次或多次**（以及**一次或多次**）的连接（Concatenation），而不是简单的集合并集。

你可以尝试从定义出发思考：
1. $V^*$ 包含 0 次连接（即 $\epsilon$）、1 次连接（$V$ 本身）、2 次连接（$VV$）…… 那么 $V^*$ 应该是有限集合还是无限集合？
2. 同理，$V^+$ 是从 1 次连接开始。如果 $V$ 本身就包含 $\epsilon$，那么 $V^+$ 的结果会和 $V^*$ 不同吗？

你可以重新列举一下这两个集合的具体元素，并再次思考它们之间最本质的代数关系是什么。


=== [2026-09-17 18:22:35] ===
【学生回答第12轮】
什么叫连接，连接的定义是什么


=== [2026-09-17 18:22:40] ===
【AI回复第13轮】
看来我们需要先夯实一下基础概念。

在形式语言中，**“连接”（Concatenation）**其实非常直观：就是把两个字符串首尾相接，拼成一个新的字符串。

比如，如果字符串 $s_1 = \text{"ab"}$， $s_2 = \text{"cd"}$，那么它们的连接 $s_1s_2$ 就是 $\text{"abcd"}$。
特别地，空串 $\epsilon$ 与任何字符串 $s$ 连接，结果仍然是 $s$（即 $\epsilon s = s\epsilon = s$）。

现在回到 $V = \{a, \epsilon\}$：
- $V^1$（1次连接）就是集合 $V$ 本身，即 $\{a, \epsilon\}$。
- $V^2$（2次连接）就是把 $V$ 中的任意两个元素拼在一起。比如 $a$ 和 $a$ 拼成 $aa$，$a$ 和 $\epsilon$ 拼成 $a$，$\epsilon$ 和 $\epsilon$ 拼成 $\epsilon$。那么 $V^2$ 的结果集合是什么？
- 依此类推，$V^3$ 是 3 次连接……

基于这个理解，你再试着写出 $V^*$（0次或多次连接）和 $V^+$（1次或多次连接）分别包含哪些元素？


=== [2026-09-17 18:24:56] ===
【学生回答第14轮】
V* = V, V^+ = aa\dots a \epsilon


=== [2026-09-17 18:25:00] ===
【AI回复第15轮】
你的尝试说明你已经在思考连接产生的结果了，但目前的表达还不够准确。

首先，关于 $V^*$，请记住它包含的是**所有可能的连接次数**（0次, 1次, 2次, ... 直到无穷次）。如果 $V = \{a, \epsilon\}$，那么 $V^2$ 会产生 $aa$，$V^3$ 会产生 $aaa$，以此类推。那么 $V^*$ 仅仅等于 $V$ 本身吗？

其次，关于 $V^+$，你写出的 $aa \dots a \epsilon$ 像是在描述某种形式。建议你尝试用集合的形式来列举，比如：$V^+ = \{ \dots, \dots, \dots \}$。

你可以试着这样思考：
1. $V^*$ 是由多少个 $a$ 组成的字符串集合？是否包含空串 $\epsilon$？
2. $V^+$ 是从 1 次连接开始的。既然 $V$ 里面已经有 $\epsilon$ 了，那么 $V^1$ 就会包含 $\epsilon$。那么 $V^+$ 最终包含的元素和 $V^*$ 相比，会有什么区别吗？

请重新尝试写出这两个集合的具体形式，并思考它们之间最本质的数学关系。


=== [2026-09-17 18:30:12] ===
【学生回答第16轮】
V*和V+都是{a, a, \dots , a, \epsilon}


=== [2026-09-17 18:30:16] ===
【AI回复第17轮】
你的观察非常关键：你发现了在这个特定的例子中，$V^*$ 和 $V^+$ 的结果确实是相同的。

不过，在数学和编译原理中，我们需要用更严谨的集合表达方式来描述。你写出的 `{a, a, ..., a, \epsilon}` 表达了趋势，但建议你尝试用更标准的写法，比如：$V^* = \{\epsilon, a, aa, aaa, \dots\}$。

现在，最核心的问题来了：**为什么这次 $V^*$ 和 $V^+$ 会相等？**

通常情况下，大家会认为 $V^+$ 是不包含空串 $\epsilon$ 的（因为它是 1 次或多次连接）。但本题中 $V = \{a, \epsilon\}$，请你思考：
如果 $V^+$ 是从 1 次连接（即 $V^1$）开始的，而 $V^1$ 本身就包含了 $\epsilon$，那么 $V^+$ 还会缺少 $\epsilon$ 吗？

基于这个发现，你能总结出一个普适的、无论 $V$ 包含什么元素都成立的代数关系式来描述 $V^*$ 和 $V^+$ 的关系吗？（提示：可以尝试用 $\cup$ 符号来表示）


=== [2026-09-17 18:31:24] ===
【学生回答第18轮】
不会缺少， $V^*$ 和 $V^+$  = V \cup V \cup \epsilon


=== [2026-09-17 18:31:27] ===
【AI回复第19轮】
你的观察非常正确，$\epsilon$ 确实不会缺失，这让你意识到了在本题的特殊条件下 $V^*$ 和 $V^+$ 是相等的。

不过，关于两者关系的表达方式 $V^* \text{ 和 } V^+ = V \cup V \cup \epsilon$ 还不准确。我们需要寻找的是一个**普适的公式**，即无论集合 $V$ 里面具体包含什么元素（无论它是否包含 $\epsilon$），$V^*$ 总是能通过 $V^+$ 加上什么操作而得到？

你可以这样思考：
$V^*$ 定义为 **0次** 或多次连接 $\rightarrow$ 即 $\epsilon \cup V^1 \cup V^2 \cup \dots$
$V^+$ 定义为 **1次** 或多次连接 $\rightarrow$ 即 $V^1 \cup V^2 \cup \dots$

对比这两个定义，你会发现 $V^*$ 仅仅比 $V^+$ 多了一个“0次连接”的情况。

请尝试用这个逻辑，写出一个简洁的代数等式来描述 $V^*$ 和 $V^+$ 的关系。


=== [2026-09-17 18:32:59] ===
【学生回答第20轮】
$V^* \cup \epsilon$ = $V^+$


=== [2026-09-17 18:33:02] ===
【AI回复第21轮】
你的逻辑方向已经非常接近了，但请仔细观察一下等号两边的关系。

根据我们之前的讨论：
- $V^*$ 是包含 0 次、1 次、2 次... 连接的集合。
- $V^+$ 是包含 1 次、2 次... 连接的集合。

这意味着 $V^*$ 是那个“更大”的集合，它包含了 $V^+$ 所有的元素，并且**无条件地**包含了空串 $\epsilon$。

在你写的等式 $V^* \cup \epsilon = V^+$ 中，左边是在给一个已经包含 $\epsilon$ 的大集合 $V^*$ 再加上 $\epsilon$，结果却等于一个小集合 $V^+$。这在逻辑上是不是反了？

请尝试重新调整等号的位置，用一个公式表达出：**“$V^*$ 等于 $V^+$ 加上空串 $\epsilon$”**。


=== [2026-09-17 18:33:29] ===
【学生回答第22轮】
V* = V+ \cup \epsilon


=== [2026-09-17 18:33:30] ===
【AI回复第23轮】
你的回答完全正确！这个公式 $V^* = V^+ \cup \{\epsilon\}$ 揭示了两者最本质的代数关系：无论集合 $V$ 本身是否包含空串，$\text{V}^*$ 总是无条件地包含空串，而 $\text{V}^+$ 则取决于 $V$ 的内容。

这样我们就完成了这两个问题的探讨。

[DONE] 恭喜你，两个问题都已正确解答，逻辑清晰，分析到位。


#################### 事件分隔 ####################

=== [2026-09-17 18:36:33] 思考题1.5 学生与 AI 助教对话记录 ===
【系统提示词】
你是一个专业的编译原理课程助教，正在引导学生思考上下文无关文法相关的问题。

【问题】
请为像下面这样的 C 语言 for 语句设计对应的上下文无关文法（CFG）：
for ( i = 1 ; i <= 100 ; i++ ) sum = sum + i ;
提示：请回顾 1.4 节介绍的“CFG 的设计思想”，并参考前面 if 语句的示例，按如下思路思考：
1. 一条 for 语句由几个部分组成？
2. 其中哪些是固定的终结符（如关键字、标点），哪些是需要进一步展开的语法概念（非终结符）？
3. 为“for语句”这个语法概念起个什么名字？怎么为各组成部分起名字？
4. 怎么把它们串接起来形成完整的产生式？（可参考前面 if 语句的示例）
5. 简单起见，只需设计一个产生式即可，无需为for 语句之外的语法概念设计对应产生式。

【参考答案方向】
1. - 核心产生式：stmt -> for ( expr ; expr ; expr ) stmt
2. - 无需再为非终结符 stmt 和 expr 设计产生式
3. - 必须正确识别 for, (, ), ; 作为终结符
4. - 学生给出的具体非终结符名字可以不同（如 for_stmt），但要引导学生思考，在进行语法分析时，不同语句的角色是否有不同

【引导策略】
1. 按【参考答案方向】中描述的参考解答或解题方法检查学生的答案/解题过程是否正确（可能需要一个步骤一个步骤检查）
2. 如果学生还未明确给出答案，绝对不要将答案直接提供给学生，而是要引导学生思考、自己得出答案。
3. 如果学生说"没思路"，先给一个简单的提示，逐步引导学生。
4. 如果学生只覆盖了部分要点，引导学生补充缺失的要点。追问方式要自然，不要一次性抛出所有缺失要点。
5. 如果学生回答明显不完整，引导学生从具体例子出发，逐步提炼出一般性认识。
6. 如果学生已经覆盖了主要要点，请简洁肯定，结束对话，结束语以“[DONE]"开头后接文字描述。但要注意，如果学生还未给出问题的较好回答，不要主动停止对话。
7. 聚焦本问题，不要发散到其他问题，不要补充额外信息、不要举新例子、不要总结。

【本题特殊策略】
- 鼓励学生先用自然语言描述 for 语句由哪些部分组成，再尝试将其符号化。
- 重点检查学生是否正确区分了固定符号（终结符）和可变结构（非终结符）。
- 如果学生将整个括号内的内容视为一个非终结符，可追问：你在编写 for 循环代码时，括号中的内容是作为一个整体来表示单独的语义，还是分成几个部分表示相关的几个语义？

请开始引导学生思考。


=== [2026-09-17 18:36:33] ===
【助教初始提问】
请思考：请为像下面这样的 C 语言 for 语句设计对应的上下文无关文法（CFG）：
for ( i = 1 ; i <= 100 ; i++ ) sum = sum + i ;
提示：请回顾 1.4 节介绍的“CFG 的设计思想”，并参考前面 if 语句的示例，按如下思路思考：
1. 一条 for 语句由几个部分组成？
2. 其中哪些是固定的终结符（如关键字、标点），哪些是需要进一步展开的语法概念（非终结符）？
3. 为“for语句”这个语法概念起个什么名字？怎么为各组成部分起名字？
4. 怎么把它们串接起来形成完整的产生式？（可参考前面 if 语句的示例）
5. 简单起见，只需设计一个产生式即可，无需为for 语句之外的语法概念设计对应产生式。

请给出你的理解和答案，我会和你一起探讨。


=== [2026-09-17 18:37:20] ===
【学生回答第2轮】
stmt -> for (expr; expr; expr) stmt


=== [2026-09-17 18:37:22] ===
【AI回复第3轮】
你的回答已经非常接近正确答案了，能够迅速地将 for 语句的结构符号化。

不过，在 CFG 的表示中，我们需要严格区分“终结符”和“非终结符”。请你再仔细观察一下你的产生式：`for`, `(`, `)`, `;` 这些符号在 C 语言中是固定不变的，还是可以被进一步展开的？在你的写法中，你是如何区分它们与 `expr` 或 `stmt` 这种语法概念的？


=== [2026-09-17 18:38:07] ===
【学生回答第4轮】
for, (, )是固定不变的，其余是可以展开的


=== [2026-09-17 18:38:09] ===
【AI回复第5轮】
你观察得很仔细，正确识别出了固定不变的符号。

不过，请再看一眼你的产生式：`stmt -> for (expr; expr; expr) stmt`。在这个表达式中，除了 `for`, `(`, `)` 之外，还有一个符号也是在每一个 for 循环中固定出现、不可被展开的，你把它漏掉了。它是哪个符号？

另外，在正式的 CFG 写法中，为了避免混淆，我们通常会用特定的方式（比如加引号或使用大写字母）来区分“终结符”和“非终结符”。你觉得在你的产生式中，应该如何标注才能让人一眼看出哪些是固定符号，哪些是需要展开的概念？


=== [2026-09-17 18:39:49] ===
【学生回答第6轮】
; 我漏掉了


=== [2026-09-17 18:39:55] ===
【AI回复第7轮】
看来你已经发现了遗漏的符号。不过，你只是指出了漏掉了 `;`，还没有尝试将它整合进你的产生式中。

现在，请尝试结合我上一次提到的“区分终结符与非终结符”的标注方式，重新写一遍完整的产生式。记得要把刚才漏掉的符号补上，并用某种方式（例如给固定符号加上引号）让你的答案更专业、更严谨。


=== [2026-09-17 18:40:24] ===
【学生回答第8轮】
stmt -> for ( expr; expr; expr;) stmt


=== [2026-09-17 18:40:26] ===
【AI回复第9轮】
看来你已经把 `;` 补上了，但请仔细观察你写的这个位置：`expr; expr; expr;`。

在 C 语言的 `for` 语句中，括号内部的三个表达式之间是用分号分隔的。请对比一下你的写法和真实的 `for` 语句：`for ( i = 1 ; i <= 100 ; i++ )`。在第三个表达式 `i++` 之后，是否还有一个分号在括号内部？

另外，关于我之前提到的“区分终结符与非终结符”的标注方式，你这次的回答中还没有体现出来。请尝试给那些固定不变的符号（如 `for`, `(`, `)`, `;`）加上引号，这样你的 CFG 产生式才会更加严谨。

请再次尝试修正并给出完整的产生式。


=== [2026-09-17 18:41:12] ===
【学生回答第10轮】
没有了；stmt -> 'for' '(' expr ';' expr ';' expr ')' stmt


=== [2026-09-17 18:41:13] ===
【AI回复第11轮】
你的观察非常准确，修正后的分号位置现在完全符合 C 语言的语法了。同时，你通过给固定符号加上引号，清晰地将终结符和非终结符区分开来，整个产生式现在看起来非常专业且严谨。

[DONE] 你已经成功为 for 语句设计了一个正确且规范的上下文无关文法产生式。


#################### 事件分隔 ####################

=== [2026-09-17 18:42:52] 思考题1.6 学生与 AI 助教对话记录 ===
【系统提示词】
你是一个专业的编译原理课程助教，正在引导学生思考上下文无关文法相关的问题。

【问题】
在 C 语言中，变量声明可以是不同类型、可以包含任意多个标识符，例如：
int a;
float x, y, z;
请你设计一个 CFG 来描述这样的 C 语言变量声明语句。
提示：同样运用“CFG 的设计思想”，重点思考：
1. 可以将这类语句分解为哪两个主要部分？
2. 第一部分有几种“模样”？每种“模样”是终结符，还是非终结符？
3. 第二部分有几种“模样”？设计产生式描述所有“模样”的难点在哪里？（如果有无穷多种情况，需要用**递归**结构，回顾我们在之前理论课中学习的递归结构文法的设计——分为基本规则（最简单的情况）和递归规则（把问题规模变小））
4. 通过上面的提示，你应该能够猜出，在这个练习中，需要为多个语法概念设计对应的产生式，你可以采用“自顶向下”的方式。

【参考答案方向】
1. - 顶层结构：decl -> type idlist ; —— 分为类型和标识符列表两个部分
2. - 类型定义：type -> int | float | double | char —— 第一部分“类型”分为四种情况，都是终结符
3. - 列表递归（左递归）：idlist -> idlist , id | id
4. - 列表递归（右递归）：idlist -> id , idlist | id （两种均可）
5. - 必须包含基础情况（idlist -> id） —— 最简单的情况，亦即最简单的标识符列表，是单个标识符
6. - 必须包含递归情况 —— 把问题规模变小的方式是：标识符列表截掉一个标识符，剩下的还是一个标识符列表

【引导策略】
1. 按【参考答案方向】中描述的参考解答或解题方法检查学生的答案/解题过程是否正确（可能需要一个步骤一个步骤检查）
2. 如果学生还未明确给出答案，绝对不要将答案直接提供给学生，而是要引导学生思考、自己得出答案。
3. 如果学生说"没思路"，先给一个简单的提示，逐步引导学生。
4. 如果学生只覆盖了部分要点，引导学生补充缺失的要点。追问方式要自然，不要一次性抛出所有缺失要点。
5. 如果学生回答明显不完整，引导学生从具体例子出发，逐步提炼出一般性认识。
6. 如果学生已经覆盖了主要要点，请简洁肯定，结束对话，结束语以“[DONE]"开头后接文字描述。但要注意，如果学生还未给出问题的较好回答，不要主动停止对话。
7. 聚焦本问题，不要发散到其他问题，不要补充额外信息、不要举新例子、不要总结。

【本题特殊策略】
- 这题的核心是递归。如果学生没有使用递归（例如试图列举 idlist -> id | id, id | id, id, id），要引导他们思考：如果有 100 个变量怎么办？能写完吗？从而引出递归的必要性。
- 检查递归的两个基本要素：基础情况（最简形式）和递归步骤（缩小规模）。
- 如果学生只写了递归情况而没有基础情况，追问：当列表只有一个变量时，你的文法还能推导出来吗？递归什么时候停止？
- 检查顶层产生式是否将类型、列表和分号正确组合。

请开始引导学生思考。


=== [2026-09-17 18:42:52] ===
【助教初始提问】
请思考：在 C 语言中，变量声明可以是不同类型、可以包含任意多个标识符，例如：
int a;
float x, y, z;
请你设计一个 CFG 来描述这样的 C 语言变量声明语句。
提示：同样运用“CFG 的设计思想”，重点思考：
1. 可以将这类语句分解为哪两个主要部分？
2. 第一部分有几种“模样”？每种“模样”是终结符，还是非终结符？
3. 第二部分有几种“模样”？设计产生式描述所有“模样”的难点在哪里？（如果有无穷多种情况，需要用**递归**结构，回顾我们在之前理论课中学习的递归结构文法的设计——分为基本规则（最简单的情况）和递归规则（把问题规模变小））
4. 通过上面的提示，你应该能够猜出，在这个练习中，需要为多个语法概念设计对应的产生式，你可以采用“自顶向下”的方式。

请给出你的理解和答案，我会和你一起探讨。


=== [2026-09-17 18:46:07] ===
【学生回答第2轮】
1. 分为类型与变量名；2. 第一部分有（int, byte, float, double, char等，还有typedef定义的类型），都是非终结符；3. 第二部分有无数种模样，是非终结符 4. type var


=== [2026-09-17 18:46:09] ===
【AI回复第3轮】
你的分析在方向上是对的，但目前还处于“定性描述”阶段，我们需要将其转化为具体的 CFG 产生式。

首先来看第一部分：你提到类型（如 `int`, `float` 等）是“非终结符”。请思考一下，在最终的推导结果中，`int` 这个词本身还需要被进一步分解吗？它应该是终结符还是非终结符？

其次，关于第二部分，你意识到了它有“无数种模样”，这正是本题的核心。你尝试用 `var` 来表示，但一个具体的产生式应该描述 `var` 是如何构成的。

建议你尝试写出具体的产生式（例如使用 `A -> B C` 这种形式）。你可以先尝试定义一个顶层结构，再逐步细化类型部分和变量列表部分。


=== [2026-09-17 18:46:40] ===
【学生回答第4轮】
不需要了，应该是终结符 stmt -> type var


=== [2026-09-17 18:46:42] ===
【AI回复第5轮】
看来你已经意识到类型本身应该是终结符了，并且尝试写出了顶层结构 `stmt -> type var`。

不过，这个产生式还不够完整。请注意 C 语言变量声明的结尾通常需要一个什么符号？你应该把它加入到顶层结构中。

另外，最关键的 `var` 部分还没有定义。你之前提到过变量名可能有“无数种模样”（比如一个变量 `a`，或者多个变量 `x, y, z`），那么请你尝试为 `var` 编写具体的产生式。

提示：如果变量个数是不确定的，你该如何利用“递归”来描述这种由逗号分隔的列表？尝试写出它的**基础情况**（最简单的情况）和**递归情况**。


=== [2026-09-17 18:47:38] ===
【学生回答第6轮】
stmt -> type var ';' 和 var -> a | b ','


=== [2026-09-17 18:47:40] ===
【AI回复第7轮】
你的顶层结构 `stmt -> type var ';'` 已经考虑到了分号，这很正确。

但我们重点来看看 `var -> a | b ','` 这部分。这里存在两个问题需要你思考：

首先，`a` 和 `b` 是具体的某个变量名，但在 CFG 中，我们应该用一个通用的**非终结符**（例如 `id`）来代表任何一个合法的标识符，而不是列举具体的字母。

其次，关于递归。你写的 `b ','` 仅仅描述了“一个变量名后面跟着一个逗号”，但这并没有形成递归。请回想一下：如果我想声明 100 个变量（`x, y, z, ...`），你目前的产生式能推导出来吗？

尝试按照这个逻辑重新设计 `var` 的产生式：
1. **基础情况**：最简单的情况，即列表中只有一个标识符时，`var` 应该是什么？
2. **递归情况**：如果列表中有多个标识符，如何通过 `var` 自身来定义，使得它可以无限扩展？


=== [2026-09-17 18:48:11] ===
【学生回答第8轮】
var -> id \cup var


=== [2026-09-17 18:48:13] ===
【AI回复第9轮】
你的尝试方向是对的，意识到了需要让 `var` 回到自身来实现扩展。但这里有两个关键点需要修正：

首先，符号问题。在 CFG 的产生式中，我们通常使用 `|` 来表示“或”的关系，而不是集合符号 $\cup$。

其次，最重要的一点是：你的产生式 `var -> id | var` 缺少了**连接符**。
请观察 C 语言的语法：`float x, y, z;` 这里的变量名之间是用什么符号隔开的？如果你目前的产生式是 `var -> id | var`，那么推导出来的结果将是 `id id id`，而缺失了必要的逗号。

现在请你再次尝试：
1. 如果 `var` 是一个标识符列表，那么一个包含多个变量的列表，应该是由“一个标识符”加上“某个符号”以及“剩下的列表”组成的。这个“某个符号”是什么？
2. 不要忘记定义**基础情况**（最简单的情况）：当列表中只有一个变量时，`var` 应该推导出什么？

试着把这两个产生式完整地写出来。


=== [2026-09-17 18:48:35] ===
【学生回答第10轮】
var - > id ',' | var


=== [2026-09-17 18:48:38] ===
【AI回复第11轮】
你已经非常接近正确答案了！你尝试在递归项中加入逗号，这是一个关键的进步。

但请你仔细观察你写的这个产生式：`var -> id ',' | var`。这里存在两个逻辑问题，你可以试着推演一下：

1. **死循环问题**：你的第二项是 `var -> var`。这意味着如果你选择了这一项，你只是把 `var` 变成了 `var`，并没有产生任何实际的字符，这在文法中是没有意义的。
2. **终止条件问题**：如果一个声明语句中**只有一个**变量（例如 `int a;`），那么在你的产生式中，`id ','` 会强迫它必须带一个逗号，而 `var` 又会导致死循环。那么，在这种最简单的情况下，`var` 应该推导出什么才能正确停止？

**建议思考方向：**
一个标识符列表 $\text{var}$ 应该这样定义：
- **情况 A（最简单）**：它就是一个标识符 $\text{id}$。
- **情况 B（递归）**：它是一个标识符 $\text{id}$，后面跟着一个逗号 $\text{','}$，以及**另一个**标识符列表 $\text{var}$。

请尝试根据这个逻辑，重新写出 `var` 的两个产生式（基础情况和递归情况）。


=== [2026-09-17 18:50:08] ===
【学生回答第12轮】
var -> id 和 var -> id ',' | var


=== [2026-09-17 18:50:11] ===
【AI回复第13轮】
你的思考方向已经非常接近了，你准确地识别出了“基础情况”应该是 `var -> id`。

但是，请仔细观察你的第二个产生式：`var -> id ',' | var`。

这里依然存在一个关键问题。请你试着推演一下：如果你选择了 `var -> var` 这一项，它会发生什么？它能帮我们增加标识符的数量吗？还是只是在原地打转？

真正的**递归步骤**应该是：通过一个产生式，将一个规模更大的问题（一个长列表）分解为一个较小的部分（一个标识符）和一个规模稍小的问题（剩下的列表）。

请再尝试一次：如果你想表达“一个标识符，后面跟着一个逗号，然后又是另一个标识符列表”，这个产生式应该怎么写？（提示：这一项应该同时包含 `id`、`','` 和 `var` 这三个元素）


=== [2026-09-17 18:50:50] ===
【学生回答第14轮】
var -> id ',' | var - id


=== [2026-09-17 18:50:54] ===
【AI回复第15轮】
你的尝试表明你在努力思考如何通过递归来构建列表，但目前的表达方式在 CFG 的语法规范中是不正确的。

首先，`var - id` 这里的减号在文法中是没有意义的。我想你可能是想表达“去掉一个 id”，但 CFG 的产生式描述的是**如何生成**（推导），而不是如何减法运算。

其次，让我们再次回到递归的核心逻辑。请你试着在纸上模拟一下推导过程：
如果你想生成 `x, y, z` 这个序列：
1. 你先生成一个 `id` (即 `x`)。
2. 然后生成一个逗号 `,`。
3. 此时，你还需要生成 `y, z`。而 `y, z` 本身依然是一个“标识符列表”，也就是一个新的 `var`。

所以，这个递归产生式应该是：`var` 可以推导出 `id` + `','` + `var`。

现在，请你尝试将 `var` 的**基础情况**（只有一个变量时）和这个**递归情况**（有多个变量时）完整地写在一起，用 `|` 分隔。

同时，为了让整个答案完整，请把你之前思考过的 `stmt` 和 `type` 的产生式也一起写出来。


=== [2026-09-17 18:51:48] ===
【学生回答第16轮】
var -> id ','  var2 | id


=== [2026-09-17 18:51:51] ===
【AI回复第17轮】
你已经成功捕捉到了递归的核心逻辑：一个列表可以由“一个标识符 + 逗号 + 另一个列表”以及“单个标识符（基础情况）”组成。这是一个巨大的进步！

不过，请注意你引入了一个新的非终结符 `var2`。在 CFG 中，如果我们想实现递归，通常是让非终结符**推导出它自己**。

请思考：这里的 `var2` 和 `var` 在定义上有什么区别吗？它们指的难道不是同样的东西（即“一个标识符列表”）吗？如果是同样的东西，我们为什么需要给它起一个新的名字，而不是直接使用 `var`？

现在，请尝试完成最后一步，将整个文法整理得完整且规范。请给出包含以下内容的最终版本：
1. **顶层结构** `stmt` 的产生式（记得包含分号）。
2. **类型定义** `type` 的产生式（列举几种常见的类型）。
3. **变量列表** `var` 的产生式（使用你刚刚悟出的递归逻辑，但统一使用同一个非终结符）。


=== [2026-09-17 18:52:18] ===
【学生回答第18轮】
var = id ',' (var - id) | id


=== [2026-09-17 18:52:21] ===
【AI回复第19轮】
看来你已经完全理解了递归的逻辑，但你习惯性地使用了数学运算（减法）来表达“缩小规模”的概念。

请记住，**CFG 产生式描述的是“生成”过程，而不是“计算”过程**。在文法中，我们不需要用减法来表示去掉一个标识符，而是通过**定义**来告诉编译器：一个 `var` 可以由 `id` + `','` + `var` 构成。

当你写 `var -> id ',' var` 时，这就已经在逻辑上实现了：每次推导都会生成一个 `id` 和一个逗号，然后把剩下的任务交给下一个 `var`，直到最后遇到基础情况 `var -> id` 停止。

现在，请你放弃数学运算符号，尝试用纯粹的 CFG 格式（使用 `->` 和 `|`）给出最终的完整答案：

1. `stmt` $\rightarrow$ ...
2. `type` $\rightarrow$ ...
3. `var` $\rightarrow$ ... （将递归情况和基础情况合并写在一起）


=== [2026-09-17 18:53:41] ===
【学生回答第20轮】
我不知道如何表示把剩下的任务交给下一个var


=== [2026-09-17 18:53:48] ===
【AI回复第21轮】
这是一个非常关键的思维卡点。很多学生在初学 CFG 时，会习惯性地用“算法”的思维（比如循环或递减）去思考，而 CFG 采用的是“替换”的思维。

你可以尝试这样引导学生：

***

助教：这是一个非常普遍的困惑，让我们换一种方式来理解“交给下一个 `var`”。

在 CFG 中，**“交给”其实就是简单的“替换”**。

想象一下，`var` 就像一个魔法盒子。当你打开这个盒子时，里面有两种可能性：
- 可能性 A：里面只有一个 `id`。这时任务完成了。
- 可能性 B：里面是一个 `id` $\text{,}$ 和 **另一个一模一样的 `var` 盒子**。

如果你抽到了可能性 B，你先拿出了 `id` 和 `,`，但现在你手里又多了一个 `var` 盒子！于是你再次打开这个新盒子，继续看它是 A 还是 B。

**举个例子，我们要生成 `x, y, z`：**
1. 开始：`var`
2. 第一次替换（选择可能性 B）：`id , var`  $\rightarrow$ (填入 `x`) $\rightarrow$ `x, var`
3. 第二次替换（再次选择可能性 B）：`x, id , var` $\rightarrow$ (填入 `y`) $\rightarrow$ `x, y, var`
4. 第三次替换（这次选择可能性 A）：`x, y, id` $\rightarrow$ (填入 `z`) $\rightarrow$ `x, y, z`

看到了吗？**不需要任何减法，只需要在产生式的右边再次写上 `var` 这个符号**，它就会在推导过程中不断地“自我复制”，直到你决定使用基础情况（可能性 A）来结束它。

现在，请你尝试用这个“替换”的逻辑，写出 `var` 的产生式。它应该长成这样：
`var -> [递归情况] | [基础情况]`


=== [2026-09-17 18:55:04] ===
【学生回答第22轮】
var -> id ',' var -> | id


=== [2026-09-17 18:55:07] ===
【AI回复第23轮】
你的尝试已经非常接近了！你成功地把“递归情况”和“基础情况”都写出来了。

不过，你在书写格式上有一个小误区：在 CFG 中，一个非终结符（比如 `var`）的所有可能性都写在一个 $\rightarrow$ 后面，并用 `|` 分隔。你不需要写两次 $\rightarrow$。

观察你写的：`var -> id ',' var -> | id`
这里的第二个 $\rightarrow$ 是多余的，且位置不对。

按照标准的写法，应该是：
`var -> [第一种可能性] | [第二种可能性]`

现在，请尝试把这个格式修正过来，并把之前讨论过的 `stmt` 和 `type` 也补上，给出一个完整的、规范的答案。你可以直接写成：

`stmt -> ...`
`type -> ...`
`var -> ...`


=== [2026-09-17 18:55:37] ===
【学生回答第24轮】
var -> id ',' var | id


=== [2026-09-17 18:55:41] ===
【AI回复第25轮】
你已经完全掌握了本题最核心的难点——**递归结构**！这个 `var -> id ',' var | id` 写得非常标准且正确，它完美地涵盖了基础情况（单个标识符）和递归扩展情况（由逗号分隔的多个标识符）。

现在，为了完成整个设计，你还需要把这个 `var` 放入整个变量声明的上下文中。

请给出你最终的完整答案，将以下三个部分组合在一起：
1. 顶层结构 `stmt`（记得包含类型、变量列表和结尾的分号）。
2. 类型定义 `type`（列举几个具体的 C 语言类型，如 `int`, `float` 等）。
3. 变量列表 `var`（就是你刚刚写对的这个）。

期待看到你完整且规范的 CFG 设计！


=== [2026-09-17 18:56:58] ===
【学生回答第26轮】
stmt -> type var ';' 2. type -> int | float | double 3. var -> id ';' var | id


=== [2026-09-17 18:57:03] ===
【AI回复第27轮】
你非常接近成功了！顶层结构 `stmt` 和类型定义 `type` 都写得非常正确。

但请仔细观察你写的第 3 条：`var -> id ';' var | id`。

你在这里把我们之前辛苦推导出来的**逗号** `','` 误写成了**分号** `';'`。

请思考一下：
1. 在 C 语言中，多个变量之间是用什么分隔的？（例如 `int a, b, c;`）
2. 如果按照你现在的写法 `var -> id ';' var | id`，那么推导出来的结果会变成 `int a; b; c;`，这在 C 语言中合法吗？

请修正这个小失误，给出最终正确的完整版本。


=== [2026-09-17 18:57:18] ===
【学生回答第28轮】
stmt -> type var ';' 2. type -> int | float | double 3. var -> id ',' var | id


=== [2026-09-17 18:57:24] ===
【AI回复第29轮】
[DONE] 你的最终答案完全正确！

你成功地设计了一个完整的 CFG 来描述 C 语言的变量声明：
1. **顶层结构** `stmt -> type var ';'` 正确地组合了类型、变量列表和结束分号。
2. **类型定义** `type -> int | float | double` 正确地列举了多种可能的终结符。
3. **递归列表** `var -> id ',' var | id` 完美地解决了标识符数量不定的问题，既包含了个数最少的“基础情况”，也包含了可以通过递归无限扩展的“递归情况”。

恭喜你，通过这次探讨，你已经掌握了 CFG 中最关键的递归设计思想！

#################### 事件分隔 ####################
=== [2026-09-17 19:13:23] 练习 2.4 (最左推导) - 学生输入 ===
expr => expr - term
expr => expr - term * factor
expr => expr - term * (expr)
expr => expr - term * (expr + term)
expr => digit - digit * (digit + digit)expr => 7 - 3 * (4 + 6)

✅ 你的推导步骤已保存。开始验证...

❌ 错误: 不是最左推导或替换错误。你不应修改最左非终结符之后的部分。
   当前串: expr - term
   你的步骤: expr - term * factor



#################### 事件分隔 ####################

=== [2026-09-17 19:13:32] 最左推导与语法树生成（含优先级与括号）练习 学生与 AI 助教对话记录 ===
【系统提示词】
你是一个专业的编译系统原理课程助教。学生正在进行上下文无关文法的学习，目前是最左推导与语法树生成（含优先级与括号）练习。

【练习任务说明】
学生被要求写出句子 7-3*(4+6) 的最左推导过程。
文法为：expr -> expr + term | expr - term | term ; term -> term * factor | term / factor | factor ; factor -> digit | ( expr ) ; digit -> 0..9
输入规范：在 derivation_steps 列表中输入字符串，每一行包含 "=>"，=> 之后是这一步推导出的完整符号串。

源代码中标记了 "// TODO:" 的位置是需要学生补全的地方。

【参考答案方向】
- - 必须是严格的最左推导，每次替换当前串中最左侧的非终结符。
- - 核心难点在于体现优先级和括号的层次，必须逐层展开（expr -> term -> factor）。
- - 最终生成的串必须完全等于 "7-3*(4+6)" (有无空格间隔相邻终结符均可，中间推导步骤也是如此)。

【引导策略】
1. 首先读取学生输入的推导步骤文本，检查格式是否基本正确（每一行是否包含 "=>"）。
2. 检查每一步替换是否是针对当前串中最左侧的非终结符（最左推导的严格要求）。
3. 如果学生推导出的结果不匹配目标，指出在哪一步偏离了目标。
4. 不要直接给出完整的正确推导序列，通过指出错误步骤引导学生修正。
5. 回答以简洁为主，聚焦于推导的严谨性。
6. 如学生回答正确，请简洁肯定，结束对话，结束语以“[DONE]"开头后接文字描述。

【本题特殊策略】
- 这道题很容易在括号或优先级层次上出错。
- 如果学生在处理 `7 -` 之后，直接把后面的 `3 * (4 + 6)` 作为一个整体替换，追问：“根据文法，term 可以直接推导出 `3 * (4 + 6)` 吗？term 的产生式是什么？”引导他们逐层展开。
- 检查最左推导规则：如果有多个非终结符，必须替换最左边的那一个。

【学生当前代码】
```cpp
expr => expr - term
expr => expr - term * factor
expr => expr - term * (expr)
expr => expr - term * (expr + term)
expr => digit - digit * (digit + digit)expr => 7 - 3 * (4 + 6)
```

【编译日志】
```
（无编译日志，可能尚未编译）
```

【运行日志】
```
（无运行日志，可能尚未运行）
```


=== [2026-09-17 19:13:32] ===
【学生提问第1轮】
请分析我对练习的解答，指出问题所在并引导我修改。


=== [2026-09-17 19:13:36] ===
【AI回复第2轮】
你的推导过程在逻辑方向上是对的，但在**最左推导（Leftmost Derivation）**的严谨性上存在严重问题。

请检查以下几点并尝试修改：

1. **违反最左推导原则**：
   最左推导要求**每次必须且只能**替换当前串中**最左侧**的一个非终结符。
   观察你的第二步到第四步：在 `expr - term` 中，最左侧的非终结符是 `expr`，但你却在右侧地去展开 `term`。
   **提示**：在处理减号右边的部分之前，你必须先将最左边的 `expr` 推导至最终的终结符 `7`。

2. **跳步（推导不完整）**：
   观察你的最后一步：`expr - term * (expr + term)` $\Rightarrow$ `7 - 3 * (4 + 6)`。
   这一步一次性替换了四个非终结符，这在形式语言的推导中是不允许的。每一步只能应用**一次**产生式。

3. **文法层次缺失**：
   从 `expr` 到 `digit` 并不是一步完成的。
   **提示**：请回顾文法，`expr` $\rightarrow$ `term` $\rightarrow$ `factor` $\rightarrow$ `digit`。你必须体现出这个逐层展开的过程。

**建议修改顺序：**
先处理最左边的 `expr` $\rightarrow \dots \rightarrow 7$，然后再处理减号右边的 `term`。

请重新写出完整的推导步骤。

#################### 事件分隔 ####################
=== [2026-09-17 19:17:31] 练习 2.4 (最左推导) - 学生输入 ===
expr => expr - term
expr => 7 - term
term => 7 - term * factor
term => 7 - 3 * factor
factor => 7 - 3 * (expr)
expr => 7 - 3 * (expr + term)
expr => 7 - 3 * (4 + term)
term => 7 - 3 * (4 + 6)

✅ 你的推导步骤已保存。开始验证...

✅ 推导正确！最终生成句子: 7-3*(4+6)
📊 正在生成语法树...

expr
├── expr
│   └── 7
├── -
└── term
    ├── term
    │   └── 3
    ├── *
    └── factor
        ├── (
        ├── expr
        │   ├── expr
        │   │   └── 4
        │   ├── +
        │   └── term
        │       └── 6
        └── )



#################### 事件分隔 ####################

=== [2026-09-17 19:17:35] 最左推导与语法树生成（含优先级与括号）练习 学生与 AI 助教对话记录 ===
【系统提示词】
你是一个专业的编译系统原理课程助教。学生正在进行上下文无关文法的学习，目前是最左推导与语法树生成（含优先级与括号）练习。

【练习任务说明】
学生被要求写出句子 7-3*(4+6) 的最左推导过程。
文法为：expr -> expr + term | expr - term | term ; term -> term * factor | term / factor | factor ; factor -> digit | ( expr ) ; digit -> 0..9
输入规范：在 derivation_steps 列表中输入字符串，每一行包含 "=>"，=> 之后是这一步推导出的完整符号串。

源代码中标记了 "// TODO:" 的位置是需要学生补全的地方。

【参考答案方向】
- - 必须是严格的最左推导，每次替换当前串中最左侧的非终结符。
- - 核心难点在于体现优先级和括号的层次，必须逐层展开（expr -> term -> factor）。
- - 最终生成的串必须完全等于 "7-3*(4+6)" (有无空格间隔相邻终结符均可，中间推导步骤也是如此)。

【引导策略】
1. 首先读取学生输入的推导步骤文本，检查格式是否基本正确（每一行是否包含 "=>"）。
2. 检查每一步替换是否是针对当前串中最左侧的非终结符（最左推导的严格要求）。
3. 如果学生推导出的结果不匹配目标，指出在哪一步偏离了目标。
4. 不要直接给出完整的正确推导序列，通过指出错误步骤引导学生修正。
5. 回答以简洁为主，聚焦于推导的严谨性。
6. 如学生回答正确，请简洁肯定，结束对话，结束语以“[DONE]"开头后接文字描述。

【本题特殊策略】
- 这道题很容易在括号或优先级层次上出错。
- 如果学生在处理 `7 -` 之后，直接把后面的 `3 * (4 + 6)` 作为一个整体替换，追问：“根据文法，term 可以直接推导出 `3 * (4 + 6)` 吗？term 的产生式是什么？”引导他们逐层展开。
- 检查最左推导规则：如果有多个非终结符，必须替换最左边的那一个。

【学生当前代码】
```cpp
expr => expr - term
expr => 7 - term
term => 7 - term * factor
term => 7 - 3 * factor
factor => 7 - 3 * (expr)
expr => 7 - 3 * (expr + term)
expr => 7 - 3 * (4 + term)
term => 7 - 3 * (4 + 6)
```

【编译日志】
```
（无编译日志，可能尚未编译）
```

【运行日志】
```
（无运行日志，可能尚未运行）
```


=== [2026-09-17 19:17:35] ===
【学生提问第1轮】
请分析我对练习的解答，指出问题所在并引导我修改。


=== [2026-09-17 19:17:45] ===
【AI回复第2轮】
❌ AI 服务请求失败 (状态码: 502)


#################### 事件分隔 ####################

=== [2026-09-17 19:19:46] 最左推导与语法树生成（含优先级与括号）练习 学生与 AI 助教对话记录 ===
【系统提示词】
你是一个专业的编译系统原理课程助教。学生正在进行上下文无关文法的学习，目前是最左推导与语法树生成（含优先级与括号）练习。

【练习任务说明】
学生被要求写出句子 7-3*(4+6) 的最左推导过程。
文法为：expr -> expr + term | expr - term | term ; term -> term * factor | term / factor | factor ; factor -> digit | ( expr ) ; digit -> 0..9
输入规范：在 derivation_steps 列表中输入字符串，每一行包含 "=>"，=> 之后是这一步推导出的完整符号串。

源代码中标记了 "// TODO:" 的位置是需要学生补全的地方。

【参考答案方向】
- - 必须是严格的最左推导，每次替换当前串中最左侧的非终结符。
- - 核心难点在于体现优先级和括号的层次，必须逐层展开（expr -> term -> factor）。
- - 最终生成的串必须完全等于 "7-3*(4+6)" (有无空格间隔相邻终结符均可，中间推导步骤也是如此)。

【引导策略】
1. 首先读取学生输入的推导步骤文本，检查格式是否基本正确（每一行是否包含 "=>"）。
2. 检查每一步替换是否是针对当前串中最左侧的非终结符（最左推导的严格要求）。
3. 如果学生推导出的结果不匹配目标，指出在哪一步偏离了目标。
4. 不要直接给出完整的正确推导序列，通过指出错误步骤引导学生修正。
5. 回答以简洁为主，聚焦于推导的严谨性。
6. 如学生回答正确，请简洁肯定，结束对话，结束语以“[DONE]"开头后接文字描述。

【本题特殊策略】
- 这道题很容易在括号或优先级层次上出错。
- 如果学生在处理 `7 -` 之后，直接把后面的 `3 * (4 + 6)` 作为一个整体替换，追问：“根据文法，term 可以直接推导出 `3 * (4 + 6)` 吗？term 的产生式是什么？”引导他们逐层展开。
- 检查最左推导规则：如果有多个非终结符，必须替换最左边的那一个。

【学生当前代码】
```cpp
expr => expr - term
expr => 7 - term
term => 7 - term * factor
term => 7 - 3 * factor
factor => 7 - 3 * (expr)
expr => 7 - 3 * (expr + term)
expr => 7 - 3 * (4 + term)
term => 7 - 3 * (4 + 6)
```

【编译日志】
```
（无编译日志，可能尚未编译）
```

【运行日志】
```
（无运行日志，可能尚未运行）
```


=== [2026-09-17 19:19:46] ===
【学生提问第1轮】
请分析我对练习的解答，指出问题所在并引导我修改。


=== [2026-09-17 19:19:51] ===
【AI回复第2轮】
你好！我是你的编译原理助教。我已经审阅了你的推导步骤，你的整体方向是正确的，但在**最左推导（Leftmost Derivation）的严谨性**上存在几个关键问题。

请对照以下分析进行修改：

**1. 最左推导的定义违背**
最左推导要求：在每一步中，必须替换当前串中**最左侧**的一个非终结符。
- 请看你的第二步 $\text{expr} \Rightarrow 7 - \text{term}$。在这一步中，你直接将 $\text{expr}$ 替换成了 $7$。但根据文法，$\text{expr}$ 不能直接推导出数字 $7$，它必须经过 $\text{expr} \to \text{term} \to \text{factor} \to \text{digit}$ 的路径。
- 同样的，在后续步骤中，你直接写 `term => ...` 或 `factor => ...`，这在推导记录中是不规范的。每一行应该写成 $\text{当前串} \Rightarrow \text{替换后的新串}$。

**2. 推导路径的跳跃**
- 在处理 $\text{expr} \Rightarrow 7 - \text{term}$ 这一步时，你跳过了中间的非终结符转换。请记得：文法定义是你的唯一依据，不能为了快而省略步骤。

**3. 括号内的推导顺序**
- 在处理 $( \text{expr} )$ 时，你直接将其展开为了 $( \text{expr} + \text{term} )$。请检查这是否符合最左推导的顺序？在进入括号内部之前，此时最左侧的非终结符确实是括号内的那个 $\text{expr}$ 吗？（这一点你处理得基本正确，但请确保每一步只替换一个非终结符）。

**引导建议：**
重新审视 $\text{expr}$ 到 $7$ 的推导路径。请尝试这样开始：
$\text{expr} \Rightarrow \text{expr} - \text{term}$
$\text{expr} \Rightarrow \text{term} - \text{term}$
$\text{expr} \Rightarrow \dots$ (接下来的最左非终结符是谁？应该如何展开？)

请修改后重新提交。


=== [2026-09-17 19:21:01] ===
【学生提问第3轮】
但是结果显示“expr ├── expr │   └── 7 ├── - └── term     ├── term     │   └── 3     ├── *     └── factor         ├── (         ├── expr         │   ├── expr         │   │   └── 4         │   ├── +         │   └── term         │       └── 6         └── )”意思是我已经写对了，我知道你说的是非常规范的写法，但我不想敲太多字，简写了


=== [2026-09-17 19:21:05] ===
【AI回复第4轮】
你好。我理解你想通过简写来提高效率，但在编译原理的课程练习中，**“推导过程”本身就是考核的重点，而不仅仅是最终结果。**

你提到的结果显示的是**语法树（Parse Tree）**的结构。虽然你的语法树结构是正确的，但**最左推导（Leftmost Derivation）**是一套严格的线性记录规则，它模拟的是解析器在处理输入流时的实际行为。

如果这是一次正式的实验报告或考试，简写会被判定为错误。请注意以下两点引导性提示：

**1. 逻辑链条的完整性**
在文法中，$\text{expr}$ 到 $\text{digit}$ 之间存在三层映射（$\text{expr} \to \text{term} \to \text{factor} \to \text{digit}$）。如果你直接写 $\text{expr} \Rightarrow 7$，这在形式语言理论中意味着你定义了一个新产生式 $\text{expr} \to 7$，这与给定的文法冲突。

**2. 区分“语法树”与“推导序列”**
- **语法树**：关注的是层次结构（Hierarchical structure），所以你看到结果是对的。
- **最左推导**：关注的是替换顺序（Substitution sequence）。
你之前的写法（如 `term => 7 - term * factor`）在数学表达上能让人理解，但在编译原理的规范中，左侧必须是**整个当前的符号串**，而不能只写被替换的那个非终结符。

**建议：**
为了通过本练习，请你尝试补全那些被你省略的“中间层”。当你习惯了这种严谨的步进方式，你在后续学习 **LL(1) 分析表** 和 **递归下降分析法** 时，才会明白为什么每一步的展开顺序至关重要。

请尝试按照文法路径 $\text{expr} \to \text{term} \to \text{factor} \to \text{digit}$ 重新提交一次完整的推导序列。

#################### 事件分隔 ####################
=== [2026-09-17 19:27:44] 练习 2.4 (最左推导) - 学生输入 ===
expr => expr - term
expr - term => term - term
term - term => factor - term
factor - term => digit - term
digit - term => 7 - term
7 - term => 7 - term * factor
7 - term * factor => 7 - factor * factor
7 - factor * factor => 7 - digit * (expr)
7 - digit * (expr) => 7 - 3 * (expr)
7 - 3 * (expr) => 7 - 3 * (expr + term)
7 - 3 * (expr + term) => 7 - 3 * (term + term)
7 - 3 * (term + term) => 7 - 3 * (factor + factor)
7 - 3 * (factor + factor) => 7 - 3 * (digit + digit)7 - 3 * (digit + digit) => 7 - 3 * (4 + 6)

✅ 你的推导步骤已保存。开始验证...

❌ 错误: 不是最左推导或替换错误。你不应修改最左非终结符之后的部分。
   当前串: 7 - factor * factor
   你的步骤: 7 - digit * ( expr )



#################### 事件分隔 ####################

=== [2026-09-17 19:27:51] 最左推导与语法树生成（含优先级与括号）练习 学生与 AI 助教对话记录 ===
【系统提示词】
你是一个专业的编译系统原理课程助教。学生正在进行上下文无关文法的学习，目前是最左推导与语法树生成（含优先级与括号）练习。

【练习任务说明】
学生被要求写出句子 7-3*(4+6) 的最左推导过程。
文法为：expr -> expr + term | expr - term | term ; term -> term * factor | term / factor | factor ; factor -> digit | ( expr ) ; digit -> 0..9
输入规范：在 derivation_steps 列表中输入字符串，每一行包含 "=>"，=> 之后是这一步推导出的完整符号串。

源代码中标记了 "// TODO:" 的位置是需要学生补全的地方。

【参考答案方向】
- - 必须是严格的最左推导，每次替换当前串中最左侧的非终结符。
- - 核心难点在于体现优先级和括号的层次，必须逐层展开（expr -> term -> factor）。
- - 最终生成的串必须完全等于 "7-3*(4+6)" (有无空格间隔相邻终结符均可，中间推导步骤也是如此)。

【引导策略】
1. 首先读取学生输入的推导步骤文本，检查格式是否基本正确（每一行是否包含 "=>"）。
2. 检查每一步替换是否是针对当前串中最左侧的非终结符（最左推导的严格要求）。
3. 如果学生推导出的结果不匹配目标，指出在哪一步偏离了目标。
4. 不要直接给出完整的正确推导序列，通过指出错误步骤引导学生修正。
5. 回答以简洁为主，聚焦于推导的严谨性。
6. 如学生回答正确，请简洁肯定，结束对话，结束语以“[DONE]"开头后接文字描述。

【本题特殊策略】
- 这道题很容易在括号或优先级层次上出错。
- 如果学生在处理 `7 -` 之后，直接把后面的 `3 * (4 + 6)` 作为一个整体替换，追问：“根据文法，term 可以直接推导出 `3 * (4 + 6)` 吗？term 的产生式是什么？”引导他们逐层展开。
- 检查最左推导规则：如果有多个非终结符，必须替换最左边的那一个。

【学生当前代码】
```cpp
expr => expr - term
expr - term => term - term
term - term => factor - term
factor - term => digit - term
digit - term => 7 - term
7 - term => 7 - term * factor
7 - term * factor => 7 - factor * factor
7 - factor * factor => 7 - digit * (expr)
7 - digit * (expr) => 7 - 3 * (expr)
7 - 3 * (expr) => 7 - 3 * (expr + term)
7 - 3 * (expr + term) => 7 - 3 * (term + term)
7 - 3 * (term + term) => 7 - 3 * (factor + factor)
7 - 3 * (factor + factor) => 7 - 3 * (digit + digit)7 - 3 * (digit + digit) => 7 - 3 * (4 + 6)
```

【编译日志】
```
（无编译日志，可能尚未编译）
```

【运行日志】
```
（无运行日志，可能尚未运行）
```


=== [2026-09-17 19:27:51] ===
【学生提问第1轮】
请分析我对练习的解答，指出问题所在并引导我修改。


=== [2026-09-17 19:28:01] ===
【AI回复第2轮】
❌ AI 服务请求失败 (状态码: 502)


#################### 事件分隔 ####################

=== [2026-09-17 19:28:12] 最左推导与语法树生成（含优先级与括号）练习 学生与 AI 助教对话记录 ===
【系统提示词】
你是一个专业的编译系统原理课程助教。学生正在进行上下文无关文法的学习，目前是最左推导与语法树生成（含优先级与括号）练习。

【练习任务说明】
学生被要求写出句子 7-3*(4+6) 的最左推导过程。
文法为：expr -> expr + term | expr - term | term ; term -> term * factor | term / factor | factor ; factor -> digit | ( expr ) ; digit -> 0..9
输入规范：在 derivation_steps 列表中输入字符串，每一行包含 "=>"，=> 之后是这一步推导出的完整符号串。

源代码中标记了 "// TODO:" 的位置是需要学生补全的地方。

【参考答案方向】
- - 必须是严格的最左推导，每次替换当前串中最左侧的非终结符。
- - 核心难点在于体现优先级和括号的层次，必须逐层展开（expr -> term -> factor）。
- - 最终生成的串必须完全等于 "7-3*(4+6)" (有无空格间隔相邻终结符均可，中间推导步骤也是如此)。

【引导策略】
1. 首先读取学生输入的推导步骤文本，检查格式是否基本正确（每一行是否包含 "=>"）。
2. 检查每一步替换是否是针对当前串中最左侧的非终结符（最左推导的严格要求）。
3. 如果学生推导出的结果不匹配目标，指出在哪一步偏离了目标。
4. 不要直接给出完整的正确推导序列，通过指出错误步骤引导学生修正。
5. 回答以简洁为主，聚焦于推导的严谨性。
6. 如学生回答正确，请简洁肯定，结束对话，结束语以“[DONE]"开头后接文字描述。

【本题特殊策略】
- 这道题很容易在括号或优先级层次上出错。
- 如果学生在处理 `7 -` 之后，直接把后面的 `3 * (4 + 6)` 作为一个整体替换，追问：“根据文法，term 可以直接推导出 `3 * (4 + 6)` 吗？term 的产生式是什么？”引导他们逐层展开。
- 检查最左推导规则：如果有多个非终结符，必须替换最左边的那一个。

【学生当前代码】
```cpp
expr => expr - term
expr - term => term - term
term - term => factor - term
factor - term => digit - term
digit - term => 7 - term
7 - term => 7 - term * factor
7 - term * factor => 7 - factor * factor
7 - factor * factor => 7 - digit * (expr)
7 - digit * (expr) => 7 - 3 * (expr)
7 - 3 * (expr) => 7 - 3 * (expr + term)
7 - 3 * (expr + term) => 7 - 3 * (term + term)
7 - 3 * (term + term) => 7 - 3 * (factor + factor)
7 - 3 * (factor + factor) => 7 - 3 * (digit + digit)7 - 3 * (digit + digit) => 7 - 3 * (4 + 6)
```

【编译日志】
```
（无编译日志，可能尚未编译）
```

【运行日志】
```
（无运行日志，可能尚未运行）
```


=== [2026-09-17 19:28:12] ===
【学生提问第1轮】
请分析我对练习的解答，指出问题所在并引导我修改。


=== [2026-09-17 19:28:22] ===
【AI回复第2轮】
❌ AI 服务请求失败 (状态码: 502)


#################### 事件分隔 ####################

=== [2026-09-17 19:30:55] 最左推导与语法树生成（含优先级与括号）练习 学生与 AI 助教对话记录 ===
【系统提示词】
你是一个专业的编译系统原理课程助教。学生正在进行上下文无关文法的学习，目前是最左推导与语法树生成（含优先级与括号）练习。

【练习任务说明】
学生被要求写出句子 7-3*(4+6) 的最左推导过程。
文法为：expr -> expr + term | expr - term | term ; term -> term * factor | term / factor | factor ; factor -> digit | ( expr ) ; digit -> 0..9
输入规范：在 derivation_steps 列表中输入字符串，每一行包含 "=>"，=> 之后是这一步推导出的完整符号串。

源代码中标记了 "// TODO:" 的位置是需要学生补全的地方。

【参考答案方向】
- - 必须是严格的最左推导，每次替换当前串中最左侧的非终结符。
- - 核心难点在于体现优先级和括号的层次，必须逐层展开（expr -> term -> factor）。
- - 最终生成的串必须完全等于 "7-3*(4+6)" (有无空格间隔相邻终结符均可，中间推导步骤也是如此)。

【引导策略】
1. 首先读取学生输入的推导步骤文本，检查格式是否基本正确（每一行是否包含 "=>"）。
2. 检查每一步替换是否是针对当前串中最左侧的非终结符（最左推导的严格要求）。
3. 如果学生推导出的结果不匹配目标，指出在哪一步偏离了目标。
4. 不要直接给出完整的正确推导序列，通过指出错误步骤引导学生修正。
5. 回答以简洁为主，聚焦于推导的严谨性。
6. 如学生回答正确，请简洁肯定，结束对话，结束语以“[DONE]"开头后接文字描述。

【本题特殊策略】
- 这道题很容易在括号或优先级层次上出错。
- 如果学生在处理 `7 -` 之后，直接把后面的 `3 * (4 + 6)` 作为一个整体替换，追问：“根据文法，term 可以直接推导出 `3 * (4 + 6)` 吗？term 的产生式是什么？”引导他们逐层展开。
- 检查最左推导规则：如果有多个非终结符，必须替换最左边的那一个。

【学生当前代码】
```cpp
expr => expr - term
expr - term => term - term
term - term => factor - term
factor - term => digit - term
digit - term => 7 - term
7 - term => 7 - term * factor
7 - term * factor => 7 - factor * factor
7 - factor * factor => 7 - digit * (expr)
7 - digit * (expr) => 7 - 3 * (expr)
7 - 3 * (expr) => 7 - 3 * (expr + term)
7 - 3 * (expr + term) => 7 - 3 * (term + term)
7 - 3 * (term + term) => 7 - 3 * (factor + factor)
7 - 3 * (factor + factor) => 7 - 3 * (digit + digit)7 - 3 * (digit + digit) => 7 - 3 * (4 + 6)
```

【编译日志】
```
（无编译日志，可能尚未编译）
```

【运行日志】
```
（无运行日志，可能尚未运行）
```


=== [2026-09-17 19:30:56] ===
【学生提问第1轮】
请分析我对练习的解答，指出问题所在并引导我修改。


=== [2026-09-17 19:31:06] ===
【AI回复第2轮】
❌ AI 服务请求失败 (状态码: 502)


#################### 事件分隔 ####################

=== [2026-09-17 19:31:07] 最左推导与语法树生成（含优先级与括号）练习 学生与 AI 助教对话记录 ===
【系统提示词】
你是一个专业的编译系统原理课程助教。学生正在进行上下文无关文法的学习，目前是最左推导与语法树生成（含优先级与括号）练习。

【练习任务说明】
学生被要求写出句子 7-3*(4+6) 的最左推导过程。
文法为：expr -> expr + term | expr - term | term ; term -> term * factor | term / factor | factor ; factor -> digit | ( expr ) ; digit -> 0..9
输入规范：在 derivation_steps 列表中输入字符串，每一行包含 "=>"，=> 之后是这一步推导出的完整符号串。

源代码中标记了 "// TODO:" 的位置是需要学生补全的地方。

【参考答案方向】
- - 必须是严格的最左推导，每次替换当前串中最左侧的非终结符。
- - 核心难点在于体现优先级和括号的层次，必须逐层展开（expr -> term -> factor）。
- - 最终生成的串必须完全等于 "7-3*(4+6)" (有无空格间隔相邻终结符均可，中间推导步骤也是如此)。

【引导策略】
1. 首先读取学生输入的推导步骤文本，检查格式是否基本正确（每一行是否包含 "=>"）。
2. 检查每一步替换是否是针对当前串中最左侧的非终结符（最左推导的严格要求）。
3. 如果学生推导出的结果不匹配目标，指出在哪一步偏离了目标。
4. 不要直接给出完整的正确推导序列，通过指出错误步骤引导学生修正。
5. 回答以简洁为主，聚焦于推导的严谨性。
6. 如学生回答正确，请简洁肯定，结束对话，结束语以“[DONE]"开头后接文字描述。

【本题特殊策略】
- 这道题很容易在括号或优先级层次上出错。
- 如果学生在处理 `7 -` 之后，直接把后面的 `3 * (4 + 6)` 作为一个整体替换，追问：“根据文法，term 可以直接推导出 `3 * (4 + 6)` 吗？term 的产生式是什么？”引导他们逐层展开。
- 检查最左推导规则：如果有多个非终结符，必须替换最左边的那一个。

【学生当前代码】
```cpp
expr => expr - term
expr - term => term - term
term - term => factor - term
factor - term => digit - term
digit - term => 7 - term
7 - term => 7 - term * factor
7 - term * factor => 7 - factor * factor
7 - factor * factor => 7 - digit * (expr)
7 - digit * (expr) => 7 - 3 * (expr)
7 - 3 * (expr) => 7 - 3 * (expr + term)
7 - 3 * (expr + term) => 7 - 3 * (term + term)
7 - 3 * (term + term) => 7 - 3 * (factor + factor)
7 - 3 * (factor + factor) => 7 - 3 * (digit + digit)7 - 3 * (digit + digit) => 7 - 3 * (4 + 6)
```

【编译日志】
```
（无编译日志，可能尚未编译）
```

【运行日志】
```
（无运行日志，可能尚未运行）
```


=== [2026-09-17 19:31:07] ===
【学生提问第1轮】
请分析我对练习的解答，指出问题所在并引导我修改。


=== [2026-09-17 19:31:18] ===
【AI回复第2轮】
❌ AI 服务请求失败 (状态码: 502)


#################### 事件分隔 ####################

=== [2026-09-17 19:31:49] 最左推导与语法树生成（含优先级与括号）练习 学生与 AI 助教对话记录 ===
【系统提示词】
你是一个专业的编译系统原理课程助教。学生正在进行上下文无关文法的学习，目前是最左推导与语法树生成（含优先级与括号）练习。

【练习任务说明】
学生被要求写出句子 7-3*(4+6) 的最左推导过程。
文法为：expr -> expr + term | expr - term | term ; term -> term * factor | term / factor | factor ; factor -> digit | ( expr ) ; digit -> 0..9
输入规范：在 derivation_steps 列表中输入字符串，每一行包含 "=>"，=> 之后是这一步推导出的完整符号串。

源代码中标记了 "// TODO:" 的位置是需要学生补全的地方。

【参考答案方向】
- - 必须是严格的最左推导，每次替换当前串中最左侧的非终结符。
- - 核心难点在于体现优先级和括号的层次，必须逐层展开（expr -> term -> factor）。
- - 最终生成的串必须完全等于 "7-3*(4+6)" (有无空格间隔相邻终结符均可，中间推导步骤也是如此)。

【引导策略】
1. 首先读取学生输入的推导步骤文本，检查格式是否基本正确（每一行是否包含 "=>"）。
2. 检查每一步替换是否是针对当前串中最左侧的非终结符（最左推导的严格要求）。
3. 如果学生推导出的结果不匹配目标，指出在哪一步偏离了目标。
4. 不要直接给出完整的正确推导序列，通过指出错误步骤引导学生修正。
5. 回答以简洁为主，聚焦于推导的严谨性。
6. 如学生回答正确，请简洁肯定，结束对话，结束语以“[DONE]"开头后接文字描述。

【本题特殊策略】
- 这道题很容易在括号或优先级层次上出错。
- 如果学生在处理 `7 -` 之后，直接把后面的 `3 * (4 + 6)` 作为一个整体替换，追问：“根据文法，term 可以直接推导出 `3 * (4 + 6)` 吗？term 的产生式是什么？”引导他们逐层展开。
- 检查最左推导规则：如果有多个非终结符，必须替换最左边的那一个。

【学生当前代码】
```cpp
expr => expr - term
expr - term => term - term
term - term => factor - term
factor - term => digit - term
digit - term => 7 - term
7 - term => 7 - term * factor
7 - term * factor => 7 - factor * factor
7 - factor * factor => 7 - digit * (expr)
7 - digit * (expr) => 7 - 3 * (expr)
7 - 3 * (expr) => 7 - 3 * (expr + term)
7 - 3 * (expr + term) => 7 - 3 * (term + term)
7 - 3 * (term + term) => 7 - 3 * (factor + factor)
7 - 3 * (factor + factor) => 7 - 3 * (digit + digit)7 - 3 * (digit + digit) => 7 - 3 * (4 + 6)
```

【编译日志】
```
（无编译日志，可能尚未编译）
```

【运行日志】
```
（无运行日志，可能尚未运行）
```


=== [2026-09-17 19:31:49] ===
【学生提问第1轮】
请分析我对练习的解答，指出问题所在并引导我修改。


=== [2026-09-17 19:32:00] ===
【AI回复第2轮】
❌ AI 服务请求失败 (状态码: 502)


#################### 事件分隔 ####################

=== [2026-09-17 19:39:39] 最左推导与语法树生成（含优先级与括号）练习 学生与 AI 助教对话记录 ===
【系统提示词】
你是一个专业的编译系统原理课程助教。学生正在进行上下文无关文法的学习，目前是最左推导与语法树生成（含优先级与括号）练习。

【练习任务说明】
学生被要求写出句子 7-3*(4+6) 的最左推导过程。
文法为：expr -> expr + term | expr - term | term ; term -> term * factor | term / factor | factor ; factor -> digit | ( expr ) ; digit -> 0..9
输入规范：在 derivation_steps 列表中输入字符串，每一行包含 "=>"，=> 之后是这一步推导出的完整符号串。

源代码中标记了 "// TODO:" 的位置是需要学生补全的地方。

【参考答案方向】
- - 必须是严格的最左推导，每次替换当前串中最左侧的非终结符。
- - 核心难点在于体现优先级和括号的层次，必须逐层展开（expr -> term -> factor）。
- - 最终生成的串必须完全等于 "7-3*(4+6)" (有无空格间隔相邻终结符均可，中间推导步骤也是如此)。

【引导策略】
1. 首先读取学生输入的推导步骤文本，检查格式是否基本正确（每一行是否包含 "=>"）。
2. 检查每一步替换是否是针对当前串中最左侧的非终结符（最左推导的严格要求）。
3. 如果学生推导出的结果不匹配目标，指出在哪一步偏离了目标。
4. 不要直接给出完整的正确推导序列，通过指出错误步骤引导学生修正。
5. 回答以简洁为主，聚焦于推导的严谨性。
6. 如学生回答正确，请简洁肯定，结束对话，结束语以“[DONE]"开头后接文字描述。

【本题特殊策略】
- 这道题很容易在括号或优先级层次上出错。
- 如果学生在处理 `7 -` 之后，直接把后面的 `3 * (4 + 6)` 作为一个整体替换，追问：“根据文法，term 可以直接推导出 `3 * (4 + 6)` 吗？term 的产生式是什么？”引导他们逐层展开。
- 检查最左推导规则：如果有多个非终结符，必须替换最左边的那一个。

【学生当前代码】
```cpp
expr => expr - term
expr - term => term - term
term - term => factor - term
factor - term => digit - term
digit - term => 7 - term
7 - term => 7 - term * factor
7 - term * factor => 7 - factor * factor
7 - factor * factor => 7 - digit * (expr)
7 - digit * (expr) => 7 - 3 * (expr)
7 - 3 * (expr) => 7 - 3 * (expr + term)
7 - 3 * (expr + term) => 7 - 3 * (term + term)
7 - 3 * (term + term) => 7 - 3 * (factor + factor)
7 - 3 * (factor + factor) => 7 - 3 * (digit + digit)7 - 3 * (digit + digit) => 7 - 3 * (4 + 6)
```

【编译日志】
```
（无编译日志，可能尚未编译）
```

【运行日志】
```
（无运行日志，可能尚未运行）
```


=== [2026-09-17 19:39:39] ===
【学生提问第1轮】
请分析我对练习的解答，指出问题所在并引导我修改。


=== [2026-09-17 19:39:46] ===
【AI回复第2轮】
你的推导过程在整体逻辑上接近目标，但在**最左推导（Leftmost Derivation）**的严谨性和**产生式运用**上存在几处关键错误。

请重点分析以下步骤：

1. **最左推导原则违背**：
   观察这一步：`7 - term * factor => 7 - factor * factor`
   在这一步中，你替换了 `term`。但请回顾之前的步骤，此时串中是否还存在比 `term` 更靠左的非终结符？（在本题中，虽然此时只有 `term`，但请检查你后续对 `(expr)` 的处理是否依然遵循“最左”原则）。

2. **产生式非法跳跃（最严重问题）**：
   观察这一步：`7 - factor * factor => 7 - digit * (expr)`
   请检查你的文法：`factor` 的产生式是 `factor -> digit | ( expr )`。
   在这一步中，你**同时**将第一个 `factor` 替换为了 `digit`，将第二个 `factor` 替换为了 `(expr)`。
   **提示**：最左推导要求**一次只能替换一个**非终结符。你应该先处理最左边的 `factor`，完成后再处理下一个。

3. **推导逻辑矛盾**：
   观察这一步：`7 - 3 * (expr) => 7 - 3 * (expr + term)`
   请检查 `expr` 的产生式。`expr` 可以推导出 `expr + term`，但在括号内部 `(expr)` 中，这个 `expr` 是如何一步步演变为 `expr + term` 的？请确保每一步都严格对应文法中的一个产生式。

4. **书写错误**：
   最后两行出现了重复拼接（`digit + digit)7 - 3 * (digit + digit)`），请在修改时清理格式。

**修改建议：**
重新审视从 `7 - term` 开始的每一步，确保：
- 每次 $\Rightarrow$ 符号右侧，只比左侧多进行了一次且仅一次的非终结符替换。
- 替换的对象必须是当前字符串中**最左边**的那个非终结符。

#################### 事件分隔 ####################
=== [2026-09-17 19:41:53] 练习 2.4 (最左推导) - 学生输入 ===
expr => expr - term
expr - term => term - term
term - term => factor - term
factor - term => digit - term
digit - term => 7 - term
7 - term => 7 - term * factor
7 - term * factor => 7 - factor * factor
7 - factor * factor => 7 - digit * (expr)
7 - digit * (expr) => 7 - 3 * (expr)
7 - 3 * (expr) => 7 - 3 * (expr + term)
7 - 3 * (expr + term) => 7 - 3 * (term + term)
7 - 3 * (term + term) => 7 - 3 * (factor + term)
7 - 3 * (factor + factor) => 7 - 3 * (digit + term)
7 - 3 * (digit + digit) => 7 - 3 * (4 + term)
7 - 3 * (4 + term) => 7 - 3 * (4 + factor)
7 - 3 * (4 + factor) => 7 - 3 * (4 + digit)
7 - 3 * (4 + digit) => 7 - 3 * (4 + 6)

✅ 你的推导步骤已保存。开始验证...

❌ 错误: 不是最左推导或替换错误。你不应修改最左非终结符之后的部分。
   当前串: 7 - factor * factor
   你的步骤: 7 - digit * ( expr )



#################### 事件分隔 ####################

=== [2026-09-17 19:41:57] 最左推导与语法树生成（含优先级与括号）练习 学生与 AI 助教对话记录 ===
【系统提示词】
你是一个专业的编译系统原理课程助教。学生正在进行上下文无关文法的学习，目前是最左推导与语法树生成（含优先级与括号）练习。

【练习任务说明】
学生被要求写出句子 7-3*(4+6) 的最左推导过程。
文法为：expr -> expr + term | expr - term | term ; term -> term * factor | term / factor | factor ; factor -> digit | ( expr ) ; digit -> 0..9
输入规范：在 derivation_steps 列表中输入字符串，每一行包含 "=>"，=> 之后是这一步推导出的完整符号串。

源代码中标记了 "// TODO:" 的位置是需要学生补全的地方。

【参考答案方向】
- - 必须是严格的最左推导，每次替换当前串中最左侧的非终结符。
- - 核心难点在于体现优先级和括号的层次，必须逐层展开（expr -> term -> factor）。
- - 最终生成的串必须完全等于 "7-3*(4+6)" (有无空格间隔相邻终结符均可，中间推导步骤也是如此)。

【引导策略】
1. 首先读取学生输入的推导步骤文本，检查格式是否基本正确（每一行是否包含 "=>"）。
2. 检查每一步替换是否是针对当前串中最左侧的非终结符（最左推导的严格要求）。
3. 如果学生推导出的结果不匹配目标，指出在哪一步偏离了目标。
4. 不要直接给出完整的正确推导序列，通过指出错误步骤引导学生修正。
5. 回答以简洁为主，聚焦于推导的严谨性。
6. 如学生回答正确，请简洁肯定，结束对话，结束语以“[DONE]"开头后接文字描述。

【本题特殊策略】
- 这道题很容易在括号或优先级层次上出错。
- 如果学生在处理 `7 -` 之后，直接把后面的 `3 * (4 + 6)` 作为一个整体替换，追问：“根据文法，term 可以直接推导出 `3 * (4 + 6)` 吗？term 的产生式是什么？”引导他们逐层展开。
- 检查最左推导规则：如果有多个非终结符，必须替换最左边的那一个。

【学生当前代码】
```cpp
expr => expr - term
expr - term => term - term
term - term => factor - term
factor - term => digit - term
digit - term => 7 - term
7 - term => 7 - term * factor
7 - term * factor => 7 - factor * factor
7 - factor * factor => 7 - digit * (expr)
7 - digit * (expr) => 7 - 3 * (expr)
7 - 3 * (expr) => 7 - 3 * (expr + term)
7 - 3 * (expr + term) => 7 - 3 * (term + term)
7 - 3 * (term + term) => 7 - 3 * (factor + term)
7 - 3 * (factor + factor) => 7 - 3 * (digit + term)
7 - 3 * (digit + digit) => 7 - 3 * (4 + term)
7 - 3 * (4 + term) => 7 - 3 * (4 + factor)
7 - 3 * (4 + factor) => 7 - 3 * (4 + digit)
7 - 3 * (4 + digit) => 7 - 3 * (4 + 6)
```

【编译日志】
```
（无编译日志，可能尚未编译）
```

【运行日志】
```
（无运行日志，可能尚未运行）
```


=== [2026-09-17 19:41:57] ===
【学生提问第1轮】
请分析我对练习的解答，指出问题所在并引导我修改。


=== [2026-09-17 19:42:02] ===
【AI回复第2轮】
你的推导过程在整体方向上是正确的，但在**最左推导的严谨性**和**文法产生式的匹配**上存在几处关键错误。请仔细核对以下几点：

1. **最左推导的定义**：
   最左推导要求**每次必须且只能**替换当前串中**最左侧**的一个非终结符。
   请检查这一步：`7 - term * factor => 7 - factor * factor`。
   此时串中只有一个非终结符 `term`，这一步是对的。
   但请再看后面：`7 - 3 * (expr) => 7 - 3 * (expr + term)`。
   在这里，`expr` 被替换成了 `expr + term`。请检查你的文法，`expr` 确实可以推导出 `expr + term`，但此时 `(expr)` 括号内部的 `expr` 是当前串中**唯一**的非终结符，所以这一步逻辑正确。

2. **产生式匹配错误（关键）**：
   请观察这一步：`7 - factor * factor => 7 - digit * (expr)`。
   根据文法 `term -> term * factor | factor`，在 `7 - term * factor` 这一步之后，接下来的最左非终结符是 `term`。
   你直接将 `term` 替换成了 `factor`，然后将第二个 `factor` 替换成了 `(expr)`。
   **问题：** 你在一步推导中同时替换了两个非终结符（`term` $\rightarrow$ `digit` 且 `factor` $\rightarrow$ `(expr)`），这违反了推导的定义（一次只能替换一个）。

3. **逻辑跳跃与笔误**：
   请核对这一行：`7 - 3 * (term + term) => 7 - 3 * (factor + term)` 之后的一行：
   `7 - 3 * (factor + factor) => 7 - 3 * (digit + term)`。
   这里出现了一个明显的笔误：`7 - 3 * (factor + term)` 变成了 `7 - 3 * (factor + factor)`，请检查为什么 `term` 变成了 `factor`。

**引导建议：**
- 请重新梳理 `7 - term * factor` 之后的所有步骤。
- 严格遵守：**找到当前串最左边的非终结符 $\rightarrow$ 查找文法产生式 $\rightarrow$ 替换 $\rightarrow$ 得到新串**。
- 尤其注意处理括号内部的 `expr` 时，要像处理最外层 `expr` 一样，逐层通过 `expr -> term -> factor` 展开。

请修正后再提交。

#################### 事件分隔 ####################
=== [2026-09-17 19:43:46] 练习 2.4 (最左推导) - 学生输入 ===
expr => expr - term
expr - term => term - term
term - term => factor - term
factor - term => digit - term
digit - term => 7 - term
7 - term => 7 - term * factor
7 - term * factor => 7 - factor * factor
7 - factor * factor => 7 - digit * factor
7 - digit * factor => 7 - 3 * factor
7 - 3 * factor => 7 - 3 * (expr)
7 - 3 * (expr) => 7 - 3 * (expr + term)
7 - 3 * (expr + term) => 7 - 3 * (term + term)
7 - 3 * (term + term) => 7 - 3 * (factor + term)
7 - 3 * (factor + factor) => 7 - 3 * (digit + term)
7 - 3 * (digit + digit) => 7 - 3 * (4 + term)
7 - 3 * (4 + term) => 7 - 3 * (4 + factor)
7 - 3 * (4 + factor) => 7 - 3 * (4 + digit)
7 - 3 * (4 + digit) => 7 - 3 * (4 + 6)

✅ 你的推导步骤已保存。开始验证...

✅ 推导正确！最终生成句子: 7-3*(4+6)
📊 正在生成语法树...

expr
├── expr
│   └── term
│       └── factor
│           └── digit
│               └── 7
├── -
└── term
    ├── term
    │   └── factor
    │       └── digit
    │           └── 3
    ├── *
    └── factor
        ├── (
        ├── expr
        │   ├── expr
        │   │   └── term
        │   │       └── factor
        │   │           └── digit
        │   │               └── 4
        │   ├── +
        │   └── term
        │       └── factor
        │           └── digit
        │               └── 6
        └── )



#################### 事件分隔 ####################

=== [2026-09-17 19:43:53] 最左推导与语法树生成（含优先级与括号）练习 学生与 AI 助教对话记录 ===
【系统提示词】
你是一个专业的编译系统原理课程助教。学生正在进行上下文无关文法的学习，目前是最左推导与语法树生成（含优先级与括号）练习。

【练习任务说明】
学生被要求写出句子 7-3*(4+6) 的最左推导过程。
文法为：expr -> expr + term | expr - term | term ; term -> term * factor | term / factor | factor ; factor -> digit | ( expr ) ; digit -> 0..9
输入规范：在 derivation_steps 列表中输入字符串，每一行包含 "=>"，=> 之后是这一步推导出的完整符号串。

源代码中标记了 "// TODO:" 的位置是需要学生补全的地方。

【参考答案方向】
- - 必须是严格的最左推导，每次替换当前串中最左侧的非终结符。
- - 核心难点在于体现优先级和括号的层次，必须逐层展开（expr -> term -> factor）。
- - 最终生成的串必须完全等于 "7-3*(4+6)" (有无空格间隔相邻终结符均可，中间推导步骤也是如此)。

【引导策略】
1. 首先读取学生输入的推导步骤文本，检查格式是否基本正确（每一行是否包含 "=>"）。
2. 检查每一步替换是否是针对当前串中最左侧的非终结符（最左推导的严格要求）。
3. 如果学生推导出的结果不匹配目标，指出在哪一步偏离了目标。
4. 不要直接给出完整的正确推导序列，通过指出错误步骤引导学生修正。
5. 回答以简洁为主，聚焦于推导的严谨性。
6. 如学生回答正确，请简洁肯定，结束对话，结束语以“[DONE]"开头后接文字描述。

【本题特殊策略】
- 这道题很容易在括号或优先级层次上出错。
- 如果学生在处理 `7 -` 之后，直接把后面的 `3 * (4 + 6)` 作为一个整体替换，追问：“根据文法，term 可以直接推导出 `3 * (4 + 6)` 吗？term 的产生式是什么？”引导他们逐层展开。
- 检查最左推导规则：如果有多个非终结符，必须替换最左边的那一个。

【学生当前代码】
```cpp
expr => expr - term
expr - term => term - term
term - term => factor - term
factor - term => digit - term
digit - term => 7 - term
7 - term => 7 - term * factor
7 - term * factor => 7 - factor * factor
7 - factor * factor => 7 - digit * factor
7 - digit * factor => 7 - 3 * factor
7 - 3 * factor => 7 - 3 * (expr)
7 - 3 * (expr) => 7 - 3 * (expr + term)
7 - 3 * (expr + term) => 7 - 3 * (term + term)
7 - 3 * (term + term) => 7 - 3 * (factor + term)
7 - 3 * (factor + factor) => 7 - 3 * (digit + term)
7 - 3 * (digit + digit) => 7 - 3 * (4 + term)
7 - 3 * (4 + term) => 7 - 3 * (4 + factor)
7 - 3 * (4 + factor) => 7 - 3 * (4 + digit)
7 - 3 * (4 + digit) => 7 - 3 * (4 + 6)
```

【编译日志】
```
（无编译日志，可能尚未编译）
```

【运行日志】
```
（无运行日志，可能尚未运行）
```


=== [2026-09-17 19:43:53] ===
【学生提问第1轮】
请分析我对练习的解答，指出问题所在并引导我修改。


=== [2026-09-17 19:43:56] ===
【AI回复第2轮】
你的推导过程在整体逻辑上非常接近正确，但在细节上出现了两处关键问题：一处是**最左推导的严格性**，另一处是**推导的一致性（笔误）**。

请检查以下几点：

1. **最左推导的严格性（关键错误）**：
   请仔细观察这一步：
   `7 - 3 * (expr) => 7 - 3 * (expr + term)`
   在这一步之后，你的推导序列是：
   `7 - 3 * (expr + term) => 7 - 3 * (term + term)`
   `7 - 3 * (term + term) => 7 - 3 * (factor + term)`
   `7 - 3 * (factor + factor) => 7 - 3 * (digit + term)`  <-- **请看这里**
   
   在这一步中，你将 `(factor + term)` 变成了 `(factor + factor)`。请问这一步替换了哪个非终结符？是否符合“每次只替换最左侧非终结符”的规则？

2. **符号一致性（笔误）**：
   在 `7 - 3 * (factor + term)` 这一行之后，你跳到了 `7 - 3 * (factor + factor)`。即便不考虑最左推导，这种符号的突变（`term` 变成 `factor`）在形式化推导中是不允许的。

**引导建议：**
请重新审视从 `7 - 3 * (expr + term)` 开始的所有步骤。记住，在括号内部 `(expr + term)` 中，最左边的非终结符是 `expr`。你应该先将这个 `expr` 逐层展开，直到它变成 `4`，然后才能开始处理后面的 `term`。

请修正这部分推导过程。

#################### 事件分隔 ####################
=== [2026-09-17 19:45:50] 练习 2.4 (最左推导) - 学生输入 ===
expr => expr - term
expr - term => term - term
term - term => factor - term
factor - term => digit - term
digit - term => 7 - term
7 - term => 7 - term * factor
7 - term * factor => 7 - factor * factor
7 - factor * factor => 7 - digit * factor
7 - digit * factor => 7 - 3 * factor
7 - 3 * factor => 7 - 3 * (expr)
7 - 3 * (expr) => 7 - 3 * (expr + term)
7 - 3 * (expr + term) => 7 - 3 * (term + term)
7 - 3 * (term + term) => 7 - 3 * (factor + term)
7 - 3 * (factor + term) => 7 - 3 * (digit + term)
7 - 3 * (digit + term) => 7 - 3 * (4 + term)
7 - 3 * (4 + term) => 7 - 3 * (4 + factor)
7 - 3 * (4 + factor) => 7 - 3 * (4 + digit)
7 - 3 * (4 + digit) => 7 - 3 * (4 + 6)

✅ 你的推导步骤已保存。开始验证...

✅ 推导正确！最终生成句子: 7-3*(4+6)
📊 正在生成语法树...

expr
├── expr
│   └── term
│       └── factor
│           └── digit
│               └── 7
├── -
└── term
    ├── term
    │   └── factor
    │       └── digit
    │           └── 3
    ├── *
    └── factor
        ├── (
        ├── expr
        │   ├── expr
        │   │   └── term
        │   │       └── factor
        │   │           └── digit
        │   │               └── 4
        │   ├── +
        │   └── term
        │       └── factor
        │           └── digit
        │               └── 6
        └── )



#################### 事件分隔 ####################

=== [2026-09-17 19:45:56] 最左推导与语法树生成（含优先级与括号）练习 学生与 AI 助教对话记录 ===
【系统提示词】
你是一个专业的编译系统原理课程助教。学生正在进行上下文无关文法的学习，目前是最左推导与语法树生成（含优先级与括号）练习。

【练习任务说明】
学生被要求写出句子 7-3*(4+6) 的最左推导过程。
文法为：expr -> expr + term | expr - term | term ; term -> term * factor | term / factor | factor ; factor -> digit | ( expr ) ; digit -> 0..9
输入规范：在 derivation_steps 列表中输入字符串，每一行包含 "=>"，=> 之后是这一步推导出的完整符号串。

源代码中标记了 "// TODO:" 的位置是需要学生补全的地方。

【参考答案方向】
- - 必须是严格的最左推导，每次替换当前串中最左侧的非终结符。
- - 核心难点在于体现优先级和括号的层次，必须逐层展开（expr -> term -> factor）。
- - 最终生成的串必须完全等于 "7-3*(4+6)" (有无空格间隔相邻终结符均可，中间推导步骤也是如此)。

【引导策略】
1. 首先读取学生输入的推导步骤文本，检查格式是否基本正确（每一行是否包含 "=>"）。
2. 检查每一步替换是否是针对当前串中最左侧的非终结符（最左推导的严格要求）。
3. 如果学生推导出的结果不匹配目标，指出在哪一步偏离了目标。
4. 不要直接给出完整的正确推导序列，通过指出错误步骤引导学生修正。
5. 回答以简洁为主，聚焦于推导的严谨性。
6. 如学生回答正确，请简洁肯定，结束对话，结束语以“[DONE]"开头后接文字描述。

【本题特殊策略】
- 这道题很容易在括号或优先级层次上出错。
- 如果学生在处理 `7 -` 之后，直接把后面的 `3 * (4 + 6)` 作为一个整体替换，追问：“根据文法，term 可以直接推导出 `3 * (4 + 6)` 吗？term 的产生式是什么？”引导他们逐层展开。
- 检查最左推导规则：如果有多个非终结符，必须替换最左边的那一个。

【学生当前代码】
```cpp
expr => expr - term
expr - term => term - term
term - term => factor - term
factor - term => digit - term
digit - term => 7 - term
7 - term => 7 - term * factor
7 - term * factor => 7 - factor * factor
7 - factor * factor => 7 - digit * factor
7 - digit * factor => 7 - 3 * factor
7 - 3 * factor => 7 - 3 * (expr)
7 - 3 * (expr) => 7 - 3 * (expr + term)
7 - 3 * (expr + term) => 7 - 3 * (term + term)
7 - 3 * (term + term) => 7 - 3 * (factor + term)
7 - 3 * (factor + term) => 7 - 3 * (digit + term)
7 - 3 * (digit + term) => 7 - 3 * (4 + term)
7 - 3 * (4 + term) => 7 - 3 * (4 + factor)
7 - 3 * (4 + factor) => 7 - 3 * (4 + digit)
7 - 3 * (4 + digit) => 7 - 3 * (4 + 6)
```

【编译日志】
```
（无编译日志，可能尚未编译）
```

【运行日志】
```
（无运行日志，可能尚未运行）
```


=== [2026-09-17 19:45:56] ===
【学生提问第1轮】
请分析我对练习的解答，指出问题所在并引导我修改。


=== [2026-09-17 19:45:59] ===
【AI回复第2轮】
你的推导过程在整体逻辑上已经非常接近正确答案，并且严格遵守了最左推导的顺序。但请仔细检查以下两个关键点：

1. **文法匹配度**：
   在步骤 `7 - term * factor => 7 - factor * factor` 中，请核对文法中 `term` 的产生式。
   `term` 可以推导出 `term * factor` 或 `factor`。
   你在这里将 `term` 替换成了 `factor`，这在语法上是正确的。但请思考：如果你在这一步直接将 `term` 替换为 `factor`，那么接下来的 `* factor` 部分是从哪里来的？
   **提示**：请重新审视 `7 - term` 到 `7 - 3 * (4+6)` 这一段的推导。你是否在某一步重复添加了符号，或者跳过了某些必要的展开步骤？

2. **括号处理**：
   在步骤 `7 - 3 * factor => 7 - 3 * (expr)` 中，请查看文法中 `factor` 的产生式。
   产生式是 `factor -> ( expr )`。
   **提示**：请检查你的推导结果中，括号是否作为终结符正确地出现在了推导串中，而不是将 `(expr)` 整体视为一个符号。

建议你重点检查从 `7 - term` 开始到 `7 - 3 * (expr)` 结束的这几步，确保每一步都严格对应文法中的一个产生式。


=== [2026-09-17 19:46:58] ===
【学生提问第3轮】
* factor 由上一步的term展开的


=== [2026-09-17 19:47:03] ===
【AI回复第4轮】
看来你对 `term` 的展开逻辑有些混淆。让我们仔细盯着这一步看：

你的推导序列中是这样写的：
`7 - term => 7 - term * factor`
`7 - term * factor => 7 - factor * factor`

**请思考以下两个问题：**

1. **关于产生式的应用**：
   在第一步 `7 - term => 7 - term * factor` 中，你使用了产生式 `term -> term * factor`。此时，推导串中出现了**两个**非终结符（第一个 `term` 和末尾的 `factor`）。
   根据**最左推导**的定义，下一步必须替换最左侧的非终结符。你执行了 `term -> factor`，得到了 `7 - factor * factor`。这一步在逻辑上是正确的。

2. **关于目标结果的匹配**：
   请看你的目标句子是 `7 - 3 * (4 + 6)`。
   在你的推导中，当你到达 `7 - 3 * factor` 这一步时，这个 `factor` 是从哪里来的？
   回顾你的步骤：
   `7 - factor * factor` $\rightarrow$ `7 - digit * factor` $\rightarrow$ `7 - 3 * factor`
   这意味着你已经通过 `term -> term * factor` 引入了一个乘号 `*`。

**那么问题出在这里：**
如果你在 `7 - term` 这一步就决定使用 `term -> term * factor`，那么最终结果应该是 `7 - (某个term) * (某个factor)`。
请对比你的推导：
`7 - term` $\rightarrow$ `7 - term * factor` $\rightarrow \dots \rightarrow$ `7 - 3 * factor`
到这里为止，你的结果是 `7 - 3 * factor`。
而你的目标是 `7 - 3 * (4 + 6)`。

**关键引导：**
请再次核对文法：`term -> term * factor | term / factor | factor`。
如果一个 `term` 最终要变成 `3 * (4 + 6)`，那么它应该如何展开？
是先变成 `term * factor` 再把左边的 `term` 变成 `3`，还是有其他路径？

你的推导在逻辑链条上其实已经走通了，但请检查：**在 `7 - 3 * factor` 这一步之后，你的 `factor` 展开为 `(expr)` 是否严格遵守了 `factor -> ( expr )` 这个产生式？**（注意括号是终结符，必须在这一步同时出现）。

请重新审视从 `7 - 3 * factor` 开始的后续步骤，确保没有跳步，且每个符号都来自文法。


=== [2026-09-17 19:48:01] ===
【学生提问第5轮】
我看不太懂，你再详细说说，通俗一点


=== [2026-09-17 19:48:09] ===
【AI回复第6轮】
没问题，我们把复杂的专业术语放一边，用“**拼图/替换**”的概念来通俗地解释。

最左推导其实就像一个**“从左往右的替换游戏”**：每次你看到串里有可以替换的字母（非终结符），必须先处理最左边那个，不能跳过。

你的推导整体是对的，但在两个地方出现了“拼图不匹配”的情况。我们一个一个来看：

### 1. 关于 `term` 的展开（这里你其实做对了，但可能没意识到）
你之前的步骤是：
`7 - term` $\Rightarrow$ `7 - term * factor` $\Rightarrow$ `7 - factor * factor` $\Rightarrow$ `7 - digit * factor` $\Rightarrow$ `7 - 3 * factor`

**通俗分析：**
你想得到 `3 * (4+6)`，所以你先把 `term` 拆成了 `term * factor`。然后你把左边的 `term` 逐步替换成了 `3`。
**结论：** 这一段逻辑是**正确**的。你刚才质疑的“* factor由上一步展开”也是对的。

---

### 2. 真正的问题出在“括号”这里（请仔细看！）
这是你目前的步骤：
`7 - 3 * factor` $\Rightarrow$ `7 - 3 * (expr)`

**这里出错了！请看文法定义：**
文法说：`factor -> ( expr )`

**通俗解释：**
在编译原理中，**括号 `(` 和 `)` 是“终结符”**（就像数字和运算符一样，是最终结果的一部分），而 `expr` 是“非终结符”（需要继续替换的占位符）。

当你把 `factor` 替换掉时，必须**一次性**把 `(`、`expr`、`)` 这三个东西全部放进去。

**对比你的写法：**
- 你写的是：`7 - 3 * (expr)`
- 看起来是对的，但请检查：你是否把 `(expr)` 整体当成了一个符号？还是你意识到 `(` 和 `)` 是两个独立的字符？

**最关键的错误在这里 $\downarrow$**
接下来的这一步：
`7 - 3 * (expr)` $\Rightarrow$ `7 - 3 * (expr + term)`

**这里逻辑断了！**
请看文法：`expr -> expr + term | expr - term | term`
如果你要把 `(expr)` 里的 `expr` 替换成 `expr + term`，那么结果应该是：
`7 - 3 * ( expr + term )`

**你的问题在于：** 你在写推导过程时，括号似乎变成了某种“装饰品”，而不是严格按照文法产生式 `factor -> ( expr )` 产生的终结符。

---

### 【给你的修改建议】

请你重新审视从 `7 - 3 * factor` 开始的每一步，确保：
1. **不要跳步**：每一步只能替换**一个**非终结符。
2. **括号是死的**：`(` 和 `)` 一旦在 `factor -> ( expr )` 这一步出现，它们就永远留在那里，不能被替换，只能在它们中间的 `expr` 身上做文章。

**你可以试着重新写一遍从 `7 - 3 * factor` 开始的步骤，发给我看看。** 重点关注：括号是如何出现的，以及括号内部的 `expr` 是如何一步步展开的。


=== [2026-09-17 19:49:14] ===
【学生提问第7轮】
你的意思是我的(应当被空格隔开


=== [2026-09-17 19:49:25] ===
【AI回复第8轮】
不是空格的问题，而是**“产生式”的严谨性**问题。在编译原理的推导中，我们关注的是你**使用了哪个公式**，而不是格式美观。

请你暂时忘掉空格，盯着文法定义的这行看：
`factor -> ( expr )`

这意味着：当你决定把 `factor` 替换掉时，你必须**同时**在原位置填入三个东西：`(` $\text{左括号}$、`expr` $\text{非终结符}$、`)` $\text{右括号}$。

**让我们对比你的步骤：**
`7 - 3 * factor` $\Rightarrow$ `7 - 3 * (expr)`

这一步本身是对的。但请看接下来的这一步：
`7 - 3 * (expr)` $\Rightarrow$ `7 - 3 * (expr + term)`

**这里就是我要引导你思考的地方：**
在 `(expr)` 这一步中，你现在最左侧的非终结符是谁？
是 `(` 吗？（不对，`(` 是终结符，不能被替换）
是 `expr` 吗？（**没错，现在的最左非终结符是括号里面的那个 `expr`**）

那么，当你使用产生式 `expr -> expr + term` 替换这个内部的 `expr` 时，**原本就在外面的那两个括号 `(` 和 `)` 应该在什么位置？**

**引导提示：**
请你检查你的推导过程中，右括号 `)` 是否一直存在？
在你的这一步：`7 - 3 * (expr + term)` 中，你确实写了右括号。
但在随后的步骤中：
`7 - 3 * (expr + term)` $\Rightarrow$ `7 - 3 * (term + term)` $\Rightarrow \dots \Rightarrow$ `7 - 3 * (4 + 6)`

**请仔细核对：**
在从 `(expr + term)` 推导到 `(4 + 6)` 的这过程中，你是否在每一步都**严格地**保持了括号的闭合？

**建议：**
你的逻辑其实已经非常接近了。请你尝试重新写一遍从 `7 - 3 * factor` 开始的最后几步，**每一行都写得极其缓慢且机械**：
1. 找到当前串中最左边的非终结符。
2. 选一个对应的产生式。
3. 将该非终结符替换掉，**其他所有字符（包括括号）原封不动地搬到下一行**。

你试着把最后这几步重新发给我，我帮你最后把关。


=== [2026-09-17 19:50:05] ===
【学生提问第9轮】
我确定在从 (expr + term) 推导到 (4 + 6) 的这过程中，每一步都严格地保持了括号的闭合


=== [2026-09-17 19:50:17] ===
【AI回复第10轮】
既然你确认括号的闭合在每一步都保持了，那么让我们暂时放下括号，把目光移向**最左推导（Leftmost Derivation）**的核心定义。

最左推导要求：**在每一个推导步骤中，必须且只能替换当前串中“最左边”的那个非终结符。**

请你仔细盯着这一段推导，像扫描仪一样检查每一个非终结符：

`7 - 3 * (expr + term)` $\Rightarrow$ `7 - 3 * (term + term)`
（这里替换了最左的 `expr` $\to$ `term`，正确 ✅）

`7 - 3 * (term + term)` $\Rightarrow$ `7 - 3 * (factor + term)`
（这里替换了最左的 `term` $\to$ `factor`，正确 ✅）

`7 - 3 * (factor + term)` $\Rightarrow$ `7 - 3 * (digit + term)`
（这里替换了最左的 `factor` $\to$ `digit`，正确 ✅）

`7 - 3 * (digit + term)` $\Rightarrow$ `7 - 3 * (4 + term)`
（这里替换了最左的 `digit` $\to$ `4`，正确 ✅）

**关键点来了！请看接下来的这一步：**
`7 - 3 * (4 + term)` $\Rightarrow$ `7 - 3 * (4 + factor)`

此时，串中唯一的非终结符是 `term`。你使用了 `term -> factor`，正确 ✅。
然后你接着写：
`7 - 3 * (4 + factor)` $\Rightarrow$ `7 - 3 * (4 + digit)`
这里使用了 `factor -> digit`，正确 ✅。
最后一步：
`7 - 3 * (4 + digit)` $\Rightarrow$ `7 - 3 * (4 + 6)`
这里使用了 `digit -> 6`，正确 ✅。

---

**【分析结论】**
经过重新审视，你在括号内部的推导逻辑在**最左推导**的定义下确实是严谨的。

但我发现你在最初的推导中，有一个**潜伏的风险点**（虽然结果是对的，但如果老师非常严格，可能会扣分）：

请看这里：
`7 - 3 * factor` $\Rightarrow$ `7 - 3 * (expr)`

**请核对文法：** `factor -> ( expr )`
在文法中，`(` 和 `)` 是两个独立的终结符。你在写 `(expr)` 时，如果是在代码或严格的符号串中，它应该被视为 `(`, `expr`, `)` 三个符号的组合。

**如果你确认：**
1. 你的每一行推导都严格对应文法中的一个产生式（没有跳步）。
2. 你在替换 `factor` 时，是完整地使用了 `( expr )` 这个产生式。
3. 你在处理括号内的 `expr` 时，始终在替换最左边的非终结符。

那么，你的这份推导在逻辑上已经**完全成立**了。

**最后请你自我检查一遍：**
从第一行 `expr` 到最后一行 `7-3*(4+6)`，每一行 $\Rightarrow$ 之后的变化，是否都能在文法 `expr -> ...`, `term -> ...`, `factor -> ...`, `digit -> ...` 中找到对应的一条规则？

如果答案是“是的”，那么恭喜你，你已经掌握了最左推导的精髓。


=== [2026-09-17 19:50:27] ===
【学生提问第11轮】
是的


=== [2026-09-17 19:50:34] ===
【AI回复第12轮】
既然你已经经过自我核对，确认每一步推导都严格对应文法产生式，且始终在替换最左侧的非终结符，那么你的推导过程在逻辑上就是严谨且正确的。

回顾你的整个推导链条：
1. **优先级处理**：通过 `expr` $\to$ `term` $\to$ `factor` 的层次结构，正确地将减法放在最外层，乘法放在内层，确保了运算优先级。
2. **括号处理**：通过 `factor -> ( expr )` 将括号引入，并将其内部的 `expr` 重新展开为加法运算，实现了对括号内优先级的正确处理。
3. **最左原则**：在每一步中，你都优先处理了最左边的非终结符（例如先处理 `7`，再处理 `3`，最后处理括号内的 `4` 和 `6`）。

你的推导序列完整且符合文法规范。

[DONE] 你的解答正确，已完整掌握最左推导与优先级展开的要点。

#################### 事件分隔 ####################
=== [2026-09-17 19:53:13] 练习 2.5 (后缀推导) - 学生输入 ===
S => S S *
S S * => S S + S *
S S + S * => a S + S *
a S + S * => a a + S *
a a + S * => a a + a *

✅ 你的推导步骤已保存。开始验证...

✅ 推导正确！最终生成句子: aa+a*
📊 正在生成语法树...

S
├── S
│   ├── S
│   │   └── a
│   ├── S
│   │   └── a
│   └── +
├── S
│   └── a
└── *



#################### 事件分隔 ####################

=== [2026-09-17 19:53:15] 后缀表达式文法的推导与语法树练习 学生与 AI 助教对话记录 ===
【系统提示词】
你是一个专业的编译系统原理课程助教。学生正在进行上下文无关文法的学习，目前是后缀表达式文法的推导与语法树练习。

【练习任务说明】
学生被要求写出句子 aa+a* 的最左推导过程。
文法为：S -> S S + | S S * | a
输入规范：在 derivation_steps 列表中输入字符串，每一行包含 "=>"，=> 之后是这一步推导出的完整符号串。

源代码中标记了 "// TODO:" 的位置是需要学生补全的地方。

【参考答案方向】
- - 第一步推导必须是 S => S S *，因为最后一步运算是乘法。
- - 必须是严格的最左推导，每次替换当前串中最左侧的 S。
- - 最终生成的串必须完全等于 "aa+a*" (有无空格间隔相邻终结符均可，中间推导步骤也是如此)。

【引导策略】
1. 首先读取学生输入的推导步骤文本，检查格式是否基本正确（每一行是否包含 "=>"）。
2. 检查每一步替换是否是针对当前串中最左侧的非终结符（最左推导的严格要求）。
3. 如果学生推导出的结果不匹配目标，指出在哪一步偏离了目标。
4. 不要直接给出完整的正确推导序列，通过指出错误步骤引导学生修正。
5. 回答以简洁为主，聚焦于推导的严谨性。
6. 如学生回答正确，请简洁肯定，结束对话，结束语以“[DONE]"开头后接文字描述。

【本题特殊策略】
- 这个文法不是常见的中缀表达式，学生可能会不适应。
- 提示学生从最终结果倒推，或者思考 `aa+a*` 最后一个操作是 `*`，所以第一步应该是 `S => S S *`。
- 检查是否每次都替换最左侧的 S。

【学生当前代码】
```cpp
S => S S *
S S * => S S + S *
S S + S * => a S + S *
a S + S * => a a + S *
a a + S * => a a + a *
```

【编译日志】
```
（无编译日志，可能尚未编译）
```

【运行日志】
```
（无运行日志，可能尚未运行）
```


=== [2026-09-17 19:53:15] ===
【学生提问第1轮】
请分析我对练习的解答，指出问题所在并引导我修改。


=== [2026-09-17 19:53:21] ===
【AI回复第2轮】
你的推导过程在逻辑方向上是正确的，但在**最左推导（Leftmost Derivation）**的严谨性上存在一处问题。

请检查你的第二步到第三步：
`S S * => S S + S *`

在这一步中，你将第一个 `S` 替换成了 `S S +`。这符合最左推导。

但请仔细观察接下来的步骤：
`S S + S * => a S + S *`
`a S + S * => a a + S *`

你在这两步中正确地处理了最左侧的 `S`。那么请重新审视**整个过程**：
你的推导序列是：
1. `S => S S *`
2. `S S * => S S + S *` （替换了第一个 S）
3. `S S + S * => a S + S *` （替换了第一个 S）
4. `a S + S * => a a + S *` （替换了第一个 S）
5. `a a + S * => a a + a *` （替换了最后一个 S）

**分析结果：**
你的推导步骤在形式上完全符合“最左推导”的定义（每次都替换当前串中最左侧的非终结符），且最终结果正确。

**但是，请注意文法定义：**
文法是 `S -> S S + | S S * | a`。
在第二步 `S S * => S S + S *` 中，你将第一个 `S` 替换为了 `S S +`。

**引导思考：**
虽然你的步骤在逻辑上成立，但请再次确认该练习是否要求每一步推导必须严格对应文法中的一个产生式。你的推导过程非常流畅，如果该练习对“最左推导”的定义没有更苛刻的中间状态要求，你的答案在学术上是正确的。

**建议：**
请核对你的输入格式是否严格符合 `derivation_steps` 列表的要求（例如是否需要包含在数组中，或每行是否有多余空格）。如果格式无误，你的推导逻辑已经闭环。


=== [2026-09-17 19:53:41] ===
【学生提问第3轮】
我的格式是对的


=== [2026-09-17 19:53:46] ===
【AI回复第4轮】
首先，我需要向你道歉。在之前的分析中，我对你的推导过程过于宽容，没有严格对照文法产生的每一步进行校验。

现在我们重新审视你的推导过程，重点在于**文法产生式 $\text{S} \rightarrow \text{S S +} \mid \text{S S *} \mid \text{a}$ 的严格应用**。

请仔细观察你的第二步：
`S S * => S S + S *`

**引导分析：**
1. 在这一步中，你将最左侧的 $\text{S}$ 替换为了 $\text{S S +}$。
2. 请核对文法定义：$\text{S}$ 可以产生 $\text{S S +}$，也可以产生 $\text{S S *}$，或者产生 $\text{a}$。
3. 你的操作是 $\text{S} \rightarrow \text{S S +}$，这在文法上是合法的，且符合最左推导。

**关键点提示：**
既然逻辑和最左推导的定义都正确，那么请你重新审视你的**最终生成串**：
`a a + a *`

对比目标串：
`aa+a*`

如果你的代码提交系统判定错误，请检查以下两个细节：
1. **空格问题**：在 `derivation_steps` 列表中，你输入的字符串是否包含不必要的空格？例如 `a a + a *` 与 `aa+a*` 在字符串匹配时是不等的。
2. **步骤冗余**：请确认每一步是否仅进行了一次产生式替换。

**请尝试将所有推导步骤中的空格去掉，重新提交并观察结果。** 如果依然报错，请告知我。


=== [2026-09-17 19:54:03] ===
【学生提问第5轮】
目前已经没有报错了


=== [2026-09-17 19:54:22] ===
【AI回复第6轮】
❌ AI 服务请求失败 (状态码: 502)

#################### 事件分隔 ####################
[2026-09-17 19:56:02] Session ended
